main.c:94:1:__io_putchar	16	static
main.c:105:5:main	192	static
main.c:233:6:SystemClock_Config	88	static
main.c:279:13:MX_I2C1_Init	8	static
main.c:313:13:MX_I2C2_Init	8	static
main.c:347:13:MX_I2C3_Init	8	static
main.c:381:13:MX_TIM11_Init	40	static
main.c:427:13:MX_USART6_UART_Init	8	static
main.c:460:13:MX_GPIO_Init	40	static
main.c:492:6:Sht31Task	16	static
main.c:518:6:Gy30Task	16	static
main.c:537:6:OledTask	24	static
main.c:569:6:GreenTask	16	static
main.c:589:6:HAL_TIM_PeriodElapsedCallback	16	static
main.c:606:6:Error_Handler	4	static
