oled.c:36:6:Write_IIC_Command	24	static
oled.c:47:6:Write_IIC_Data	24	static
oled.c:59:6:OLED_WR_Byte	16	static
oled.c:68:6:OLED_Set_Pos	16	static
oled.c:76:6:OLED_Display_On	8	static
oled.c:84:6:OLED_Display_Off	8	static
oled.c:92:6:OLED_Clear	16	static
oled.c:106:6:OLED_On	16	static
oled.c:124:6:OLED_ShowChar	24	static
oled.c:145:14:oled_pow	24	static
oled.c:159:6:OLED_ShowNum	24	static
oled.c:180:6:OLED_ShowString	24	static
oled.c:197:6:OLED_ShowString_N	32	static
oled.c:214:6:OLED_ShowCHinese	24	static
oled.c:232:6:OLED_DrawBMP	32	static
oled.c:252:6:OLED_Init	8	static
