Archive member included to satisfy reference by file (symbol)

d:/st/stm32cubeide_1.0.2/stm32cubeide/plugins/com.st.stm32cube.ide.mcu.externaltools.gnu-tools-for-stm32.7-2018-q2-update.win32_1.0.0.201904181610/tools/bin/../lib/gcc/arm-none-eabi/7.3.1/../../../../arm-none-eabi/lib/thumb/v7e-m/fpv4-sp/hard\libc_nano.a(lib_a-errno.o)
                              Src/syscalls.o (__errno)
d:/st/stm32cubeide_1.0.2/stm32cubeide/plugins/com.st.stm32cube.ide.mcu.externaltools.gnu-tools-for-stm32.7-2018-q2-update.win32_1.0.0.201904181610/tools/bin/../lib/gcc/arm-none-eabi/7.3.1/../../../../arm-none-eabi/lib/thumb/v7e-m/fpv4-sp/hard\libc_nano.a(lib_a-exit.o)
                              d:/st/stm32cubeide_1.0.2/stm32cubeide/plugins/com.st.stm32cube.ide.mcu.externaltools.gnu-tools-for-stm32.7-2018-q2-update.win32_1.0.0.201904181610/tools/bin/../lib/gcc/arm-none-eabi/7.3.1/../../../../arm-none-eabi/lib/thumb/v7e-m/fpv4-sp/hard/crt0.o (exit)
d:/st/stm32cubeide_1.0.2/stm32cubeide/plugins/com.st.stm32cube.ide.mcu.externaltools.gnu-tools-for-stm32.7-2018-q2-update.win32_1.0.0.201904181610/tools/bin/../lib/gcc/arm-none-eabi/7.3.1/../../../../arm-none-eabi/lib/thumb/v7e-m/fpv4-sp/hard\libc_nano.a(lib_a-impure.o)
                              d:/st/stm32cubeide_1.0.2/stm32cubeide/plugins/com.st.stm32cube.ide.mcu.externaltools.gnu-tools-for-stm32.7-2018-q2-update.win32_1.0.0.201904181610/tools/bin/../lib/gcc/arm-none-eabi/7.3.1/../../../../arm-none-eabi/lib/thumb/v7e-m/fpv4-sp/hard\libc_nano.a(lib_a-exit.o) (_global_impure_ptr)
d:/st/stm32cubeide_1.0.2/stm32cubeide/plugins/com.st.stm32cube.ide.mcu.externaltools.gnu-tools-for-stm32.7-2018-q2-update.win32_1.0.0.201904181610/tools/bin/../lib/gcc/arm-none-eabi/7.3.1/../../../../arm-none-eabi/lib/thumb/v7e-m/fpv4-sp/hard\libc_nano.a(lib_a-init.o)
                              d:/st/stm32cubeide_1.0.2/stm32cubeide/plugins/com.st.stm32cube.ide.mcu.externaltools.gnu-tools-for-stm32.7-2018-q2-update.win32_1.0.0.201904181610/tools/bin/../lib/gcc/arm-none-eabi/7.3.1/../../../../arm-none-eabi/lib/thumb/v7e-m/fpv4-sp/hard/crt0.o (__libc_init_array)
d:/st/stm32cubeide_1.0.2/stm32cubeide/plugins/com.st.stm32cube.ide.mcu.externaltools.gnu-tools-for-stm32.7-2018-q2-update.win32_1.0.0.201904181610/tools/bin/../lib/gcc/arm-none-eabi/7.3.1/../../../../arm-none-eabi/lib/thumb/v7e-m/fpv4-sp/hard\libc_nano.a(lib_a-memcpy-stub.o)
                              Middlewares/Third_Party/FreeRTOS/Source/CMSIS_RTOS_V2/cmsis_os2.o (memcpy)
d:/st/stm32cubeide_1.0.2/stm32cubeide/plugins/com.st.stm32cube.ide.mcu.externaltools.gnu-tools-for-stm32.7-2018-q2-update.win32_1.0.0.201904181610/tools/bin/../lib/gcc/arm-none-eabi/7.3.1/../../../../arm-none-eabi/lib/thumb/v7e-m/fpv4-sp/hard\libc_nano.a(lib_a-memset.o)
                              d:/st/stm32cubeide_1.0.2/stm32cubeide/plugins/com.st.stm32cube.ide.mcu.externaltools.gnu-tools-for-stm32.7-2018-q2-update.win32_1.0.0.201904181610/tools/bin/../lib/gcc/arm-none-eabi/7.3.1/../../../../arm-none-eabi/lib/thumb/v7e-m/fpv4-sp/hard/crt0.o (memset)
d:/st/stm32cubeide_1.0.2/stm32cubeide/plugins/com.st.stm32cube.ide.mcu.externaltools.gnu-tools-for-stm32.7-2018-q2-update.win32_1.0.0.201904181610/tools/bin/../lib/gcc/arm-none-eabi/7.3.1/thumb/v7e-m/fpv4-sp/hard\libgcc.a(_aeabi_uldivmod.o)
                              Drivers/STM32F4xx_HAL_Driver/Src/stm32f4xx_hal_rcc.o (__aeabi_uldivmod)
d:/st/stm32cubeide_1.0.2/stm32cubeide/plugins/com.st.stm32cube.ide.mcu.externaltools.gnu-tools-for-stm32.7-2018-q2-update.win32_1.0.0.201904181610/tools/bin/../lib/gcc/arm-none-eabi/7.3.1/thumb/v7e-m/fpv4-sp/hard\libgcc.a(_udivmoddi4.o)
                              d:/st/stm32cubeide_1.0.2/stm32cubeide/plugins/com.st.stm32cube.ide.mcu.externaltools.gnu-tools-for-stm32.7-2018-q2-update.win32_1.0.0.201904181610/tools/bin/../lib/gcc/arm-none-eabi/7.3.1/thumb/v7e-m/fpv4-sp/hard\libgcc.a(_aeabi_uldivmod.o) (__udivmoddi4)
d:/st/stm32cubeide_1.0.2/stm32cubeide/plugins/com.st.stm32cube.ide.mcu.externaltools.gnu-tools-for-stm32.7-2018-q2-update.win32_1.0.0.201904181610/tools/bin/../lib/gcc/arm-none-eabi/7.3.1/thumb/v7e-m/fpv4-sp/hard\libgcc.a(_dvmd_tls.o)
                              d:/st/stm32cubeide_1.0.2/stm32cubeide/plugins/com.st.stm32cube.ide.mcu.externaltools.gnu-tools-for-stm32.7-2018-q2-update.win32_1.0.0.201904181610/tools/bin/../lib/gcc/arm-none-eabi/7.3.1/thumb/v7e-m/fpv4-sp/hard\libgcc.a(_aeabi_uldivmod.o) (__aeabi_ldiv0)

Allocating common symbols
Common symbol       size              file

sht31TaskHandle     0x4               Src/main.o
hi2c3               0x54              Src/main.o
greenTaskHandle     0x4               Src/main.o
Temperature         0x4               Src/sht3x.o
oledTaskHandle      0x4               Src/main.o
hi2c1               0x54              Src/main.o
htim10              0x40              Src/stm32f4xx_hal_timebase_tim.o
RawHumidity         0x2               Src/sht3x.o
hi2c2               0x54              Src/main.o
[...]
Memory Configuration

Name             Origin             Length             Attributes
RAM              0x0000000020000000 0x0000000000020000 xrw
FLASH            0x0000000008000000 0x0000000000080000 xr
*default*        0x0000000000000000 0xffffffffffffffff

Linker script and memory map

LOAD d:/st/stm32cubeide_1.0.2/stm32cubeide/plugins/com.st.stm32cube.ide.mcu.externaltools.gnu-tools-for-stm32.7-2018-q2-update.win32_1.0.0.201904181610/tools/bin/../lib/gcc/arm-none-eabi/7.3.1/thumb/v7e-m/fpv4-sp/hard/crti.o
LOAD d:/st/stm32cubeide_1.0.2/stm32cubeide/plugins/com.st.stm32cube.ide.mcu.externaltools.gnu-tools-for-stm32.7-2018-q2-update.win32_1.0.0.201904181610/tools/bin/../lib/gcc/arm-none-eabi/7.3.1/thumb/v7e-m/fpv4-sp/hard/crtbegin.o
LOAD d:/st/stm32cubeide_1.0.2/stm32cubeide/plugins/com.st.stm32cube.ide.mcu.externaltools.gnu-tools-for-stm32.7-2018-q2-update.win32_1.0.0.201904181610/tools/bin/../lib/gcc/arm-none-eabi/7.3.1/../../../../arm-none-eabi/lib/thumb/v7e-m/fpv4-sp/hard/crt0.o
LOAD Drivers/STM32F4xx_HAL_Driver/Src/stm32f4xx_hal.o
LOAD Drivers/STM32F4xx_HAL_Driver/Src/stm32f4xx_hal_cortex.o
LOAD Drivers/STM32F4xx_HAL_Driver/Src/stm32f4xx_hal_dma.o
LOAD Drivers/STM32F4xx_HAL_Driver/Src/stm32f4xx_hal_dma_ex.o
LOAD Drivers/STM32F4xx_HAL_Driver/Src/stm32f4xx_hal_exti.o
LOAD Drivers/STM32F4xx_HAL_Driver/Src/stm32f4xx_hal_flash.o
LOAD Drivers/STM32F4xx_HAL_Driver/Src/stm32f4xx_hal_flash_ex.o
LOAD Drivers/STM32F4xx_HAL_Driver/Src/stm32f4xx_hal_flash_ramfunc.o
LOAD Drivers/STM32F4xx_HAL_Driver/Src/stm32f4xx_hal_gpio.o
LOAD Drivers/STM32F4xx_HAL_Driver/Src/stm32f4xx_hal_i2c.o
LOAD Drivers/STM32F4xx_HAL_Driver/Src/stm32f4xx_hal_i2c_ex.o
LOAD Drivers/STM32F4xx_HAL_Driver/Src/stm32f4xx_hal_pwr.o
LOAD Drivers/STM32F4xx_HAL_Driver/Src/stm32f4xx_hal_pwr_ex.o
LOAD Drivers/STM32F4xx_HAL_Driver/Src/stm32f4xx_hal_rcc.o
LOAD Drivers/STM32F4xx_HAL_Driver/Src/stm32f4xx_hal_rcc_ex.o
LOAD Drivers/STM32F4xx_HAL_Driver/Src/stm32f4xx_hal_tim.o
LOAD Drivers/STM32F4xx_HAL_Driver/Src/stm32f4xx_hal_tim_ex.o
LOAD Drivers/STM32F4xx_HAL_Driver/Src/stm32f4xx_hal_uart.o
LOAD Middlewares/Third_Party/FreeRTOS/Source/CMSIS_RTOS_V2/cmsis_os2.o
LOAD Middlewares/Third_Party/FreeRTOS/Source/croutine.o
LOAD Middlewares/Third_Party/FreeRTOS/Source/event_groups.o
LOAD Middlewares/Third_Party/FreeRTOS/Source/list.o
LOAD Middlewares/Third_Party/FreeRTOS/Source/queue.o
LOAD Middlewares/Third_Party/FreeRTOS/Source/stream_buffer.o
LOAD Middlewares/Third_Party/FreeRTOS/Source/tasks.o
LOAD Middlewares/Third_Party/FreeRTOS/Source/timers.o
LOAD Middlewares/Third_Party/FreeRTOS/Source/portable/GCC/ARM_CM4F/port.o
LOAD Middlewares/Third_Party/FreeRTOS/Source/portable/MemMang/heap_4.o
LOAD Src/freertos.o
LOAD Src/gy_30.o
LOAD Src/main.o
LOAD Src/oled.o
LOAD Src/oled_display.o
LOAD Src/sht3x.o
LOAD Src/stm32f4xx_hal_msp.o
LOAD Src/stm32f4xx_hal_timebase_tim.o
LOAD Src/stm32f4xx_it.o
LOAD Src/syscalls.o
LOAD Src/sysmem.o
LOAD Src/system_stm32f4xx.o
LOAD Src/uart_display.o
LOAD Startup/startup_stm32f411ceux.o
START GROUP
LOAD d:/st/stm32cubeide_1.0.2/stm32cubeide/plugins/com.st.stm32cube.ide.mcu.externaltools.gnu-tools-for-stm32.7-2018-q2-update.win32_1.0.0.201904181610/tools/bin/../lib/gcc/arm-none-eabi/7.3.1/../../../../arm-none-eabi/lib/thumb/v7e-m/fpv4-sp/hard\libc_nano.a
LOAD d:/st/stm32cubeide_1.0.2/stm32cubeide/plugins/com.st.stm32cube.ide.mcu.externaltools.gnu-tools-for-stm32.7-2018-q2-update.win32_1.0.0.201904181610/tools/bin/../lib/gcc/arm-none-eabi/7.3.1/../../../../arm-none-eabi/lib/thumb/v7e-m/fpv4-sp/hard\libm.a
END GROUP
START GROUP
LOAD d:/st/stm32cubeide_1.0.2/stm32cubeide/plugins/com.st.stm32cube.ide.mcu.externaltools.gnu-tools-for-stm32.7-2018-q2-update.win32_1.0.0.201904181610/tools/bin/../lib/gcc/arm-none-eabi/7.3.1/thumb/v7e-m/fpv4-sp/hard\libgcc.a
LOAD d:/st/stm32cubeide_1.0.2/stm32cubeide/plugins/com.st.stm32cube.ide.mcu.externaltools.gnu-tools-for-stm32.7-2018-q2-update.win32_1.0.0.201904181610/tools/bin/../lib/gcc/arm-none-eabi/7.3.1/../../../../arm-none-eabi/lib/thumb/v7e-m/fpv4-sp/hard\libc_nano.a
END GROUP
START GROUP
LOAD d:/st/stm32cubeide_1.0.2/stm32cubeide/plugins/com.st.stm32cube.ide.mcu.externaltools.gnu-tools-for-stm32.7-2018-q2-update.win32_1.0.0.201904181610/tools/bin/../lib/gcc/arm-none-eabi/7.3.1/thumb/v7e-m/fpv4-sp/hard\libgcc.a
LOAD d:/st/stm32cubeide_1.0.2/stm32cubeide/plugins/com.st.stm32cube.ide.mcu.externaltools.gnu-tools-for-stm32.7-2018-q2-update.win32_1.0.0.201904181610/tools/bin/../lib/gcc/arm-none-eabi/7.3.1/../../../../arm-none-eabi/lib/thumb/v7e-m/fpv4-sp/hard\libc_nano.a
LOAD d:/st/stm32cubeide_1.0.2/stm32cubeide/plugins/com.st.stm32cube.ide.mcu.externaltools.gnu-tools-for-stm32.7-2018-q2-update.win32_1.0.0.201904181610/tools/bin/../lib/gcc/arm-none-eabi/7.3.1/../../../../arm-none-eabi/lib/thumb/v7e-m/fpv4-sp/hard\libnosys.a
END GROUP
START GROUP
LOAD d:/st/stm32cubeide_1.0.2/stm32cubeide/plugins/com.st.stm32cube.ide.mcu.externaltools.gnu-tools-for-stm32.7-2018-q2-update.win32_1.0.0.201904181610/tools/bin/../lib/gcc/arm-none-eabi/7.3.1/thumb/v7e-m/fpv4-sp/hard\libgcc.a
LOAD d:/st/stm32cubeide_1.0.2/stm32cubeide/plugins/com.st.stm32cube.ide.mcu.externaltools.gnu-tools-for-stm32.7-2018-q2-update.win32_1.0.0.201904181610/tools/bin/../lib/gcc/arm-none-eabi/7.3.1/../../../../arm-none-eabi/lib/thumb/v7e-m/fpv4-sp/hard\libc_nano.a
LOAD d:/st/stm32cubeide_1.0.2/stm32cubeide/plugins/com.st.stm32cube.ide.mcu.externaltools.gnu-tools-for-stm32.7-2018-q2-update.win32_1.0.0.201904181610/tools/bin/../lib/gcc/arm-none-eabi/7.3.1/../../../../arm-none-eabi/lib/thumb/v7e-m/fpv4-sp/hard\libnosys.a
END GROUP
LOAD d:/st/stm32cubeide_1.0.2/stm32cubeide/plugins/com.st.stm32cube.ide.mcu.externaltools.gnu-tools-for-stm32.7-2018-q2-update.win32_1.0.0.201904181610/tools/bin/../lib/gcc/arm-none-eabi/7.3.1/thumb/v7e-m/fpv4-sp/hard/crtend.o
LOAD d:/st/stm32cubeide_1.0.2/stm32cubeide/plugins/com.st.stm32cube.ide.mcu.externaltools.gnu-tools-for-stm32.7-2018-q2-update.win32_1.0.0.201904181610/tools/bin/../lib/gcc/arm-none-eabi/7.3.1/thumb/v7e-m/fpv4-sp/hard/crtn.o
                0x0000000020020000                _estack = 0x20020000
                0x0000000000000200                _Min_Heap_Size = 0x200
                0x0000000000000400                _Min_Stack_Size = 0x400

.isr_vector     0x0000000008000000      0x198
                0x0000000008000000                . = ALIGN (0x4)
 *(.isr_vector)
 .isr_vector    0x0000000008000000      0x198 Startup/startup_stm32f411ceux.o
                0x0000000008000000                g_pfnVectors
                0x0000000008000198                . = ALIGN (0x4)

.text           0x00000000080001a0     0x75a4
                0x00000000080001a0                . = ALIGN (0x4)
 *(.text)
 .text          0x00000000080001a0       0x40 d:/st/stm32cubeide_1.0.2/stm32cubeide/plugins/com.st.stm32cube.ide.mcu.externaltools.gnu-tools-for-stm32.7-2018-q2-update.win32_1.0.0.201904181610/tools/bin/../lib/gcc/arm-none-eabi/7.3.1/thumb/v7e-m/fpv4-sp/hard/crtbegin.o
 .text          0x00000000080001e0       0x30 d:/st/stm32cubeide_1.0.2/stm32cubeide/plugins/com.st.stm32cube.ide.mcu.externaltools.gnu-tools-for-stm32.7-2018-q2-update.win32_1.0.0.201904181610/tools/bin/../lib/gcc/arm-none-eabi/7.3.1/thumb/v7e-m/fpv4-sp/hard\libgcc.a(_aeabi_uldivmod.o)
                0x00000000080001e0                __aeabi_uldivmod
 .text          0x0000000008000210      0x2cc d:/st/stm32cubeide_1.0.2/stm32cubeide/plugins/com.st.stm32cube.ide.mcu.externaltools.gnu-tools-for-stm32.7-2018-q2-update.win32_1.0.0.201904181610/tools/bin/../lib/gcc/arm-none-eabi/7.3.1/thumb/v7e-m/fpv4-sp/hard\libgcc.a(_udivmoddi4.o)
                0x0000000008000210                __udivmoddi4
 .text          0x00000000080004dc        0x4 d:/st/stm32cubeide_1.0.2/stm32cubeide/plugins/com.st.stm32cube.ide.mcu.externaltools.gnu-tools-for-stm32.7-2018-q2-update.win32_1.0.0.201904181610/tools/bin/../lib/gcc/arm-none-eabi/7.3.1/thumb/v7e-m/fpv4-sp/hard\libgcc.a(_dvmd_tls.o)
                0x00000000080004dc                __aeabi_idiv0
                0x00000000080004dc                __aeabi_ldiv0
 *(.text*)
 .text.HAL_Init
                0x00000000080004e0       0x44 Drivers/STM32F4xx_HAL_Driver/Src/stm32f4xx_hal.o
                0x00000000080004e0                HAL_Init
 .text.HAL_IncTick
                0x0000000008000524       0x28 Drivers/STM32F4xx_HAL_Driver/Src/stm32f4xx_hal.o
                0x0000000008000524                HAL_IncTick
 .text.HAL_GetTick
                0x000000000800054c       0x18 Drivers/STM32F4xx_HAL_Driver/Src/stm32f4xx_hal.o
                0x000000000800054c                HAL_GetTick
 .text.HAL_Delay
                0x0000000008000564       0x44 Drivers/STM32F4xx_HAL_Driver/Src/stm32f4xx_hal.o
                0x0000000008000564                HAL_Delay
 .text.__NVIC_SetPriorityGrouping
                0x00000000080005a8       0x48 Drivers/STM32F4xx_HAL_Driver/Src/stm32f4xx_hal_cortex.o
 .text.__NVIC_GetPriorityGrouping
                0x00000000080005f0       0x1c Drivers/STM32F4xx_HAL_Driver/Src/stm32f4xx_hal_cortex.o
 .text.__NVIC_EnableIRQ
                0x000000000800060c       0x3c Drivers/STM32F4xx_HAL_Driver/Src/stm32f4xx_hal_cortex.o
 .text.__NVIC_SetPriority
                0x0000000008000648       0x54 Drivers/STM32F4xx_HAL_Driver/Src/stm32f4xx_hal_cortex.o
 .text.NVIC_EncodePriority
                0x000000000800069c       0x66 Drivers/STM32F4xx_HAL_Driver/Src/stm32f4xx_hal_cortex.o
 .text.HAL_NVIC_SetPriorityGrouping
                0x0000000008000702       0x16 Drivers/STM32F4xx_HAL_Driver/Src/stm32f4xx_hal_cortex.o
                0x0000000008000702                HAL_NVIC_SetPriorityGrouping
 .text.HAL_NVIC_SetPriority
                0x0000000008000718       0x38 Drivers/STM32F4xx_HAL_Driver/Src/stm32f4xx_hal_cortex.o
                0x0000000008000718                HAL_NVIC_SetPriority
 .text.HAL_NVIC_EnableIRQ
                0x0000000008000750       0x1c Drivers/STM32F4xx_HAL_Driver/Src/stm32f4xx_hal_cortex.o
                0x0000000008000750                HAL_NVIC_EnableIRQ
 .text.HAL_GPIO_Init
                0x000000000800076c      0x304 Drivers/STM32F4xx_HAL_Driver/Src/stm32f4xx_hal_gpio.o
                0x000000000800076c                HAL_GPIO_Init
 .text.HAL_GPIO_WritePin
                0x0000000008000a70       0x32 Drivers/STM32F4xx_HAL_Driver/Src/stm32f4xx_hal_gpio.o
                0x0000000008000a70                HAL_GPIO_WritePin
 *fill*         0x0000000008000aa2        0x2 
 .text.HAL_I2C_Init
                0x0000000008000aa4      0x250 Drivers/STM32F4xx_HAL_Driver/Src/stm32f4xx_hal_i2c.o
                0x0000000008000aa4                HAL_I2C_Init
 .text.HAL_I2C_Master_Transmit
                0x0000000008000cf4      0x1fc Drivers/STM32F4xx_HAL_Driver/Src/stm32f4xx_hal_i2c.o
                0x0000000008000cf4                HAL_I2C_Master_Transmit
 .text.HAL_I2C_Master_Receive
                0x0000000008000ef0      0x44c Drivers/STM32F4xx_HAL_Driver/Src/stm32f4xx_hal_i2c.o
                0x0000000008000ef0                HAL_I2C_Master_Receive
 .text.I2C_MasterRequestWrite
                0x000000000800133c       0xec Drivers/STM32F4xx_HAL_Driver/Src/stm32f4xx_hal_i2c.o
 .text.I2C_MasterRequestRead
                0x0000000008001428      0x16c Drivers/STM32F4xx_HAL_Driver/Src/stm32f4xx_hal_i2c.o
 .text.I2C_WaitOnFlagUntilTimeout
                0x0000000008001594       0xae Drivers/STM32F4xx_HAL_Driver/Src/stm32f4xx_hal_i2c.o
 .text.I2C_WaitOnMasterAddressFlagUntilTimeout
                0x0000000008001642       0xfe Drivers/STM32F4xx_HAL_Driver/Src/stm32f4xx_hal_i2c.o
 .text.I2C_WaitOnTXEFlagUntilTimeout
                0x0000000008001740       0x82 Drivers/STM32F4xx_HAL_Driver/Src/stm32f4xx_hal_i2c.o
 .text.I2C_WaitOnBTFFlagUntilTimeout
                0x00000000080017c2       0x82 Drivers/STM32F4xx_HAL_Driver/Src/stm32f4xx_hal_i2c.o
 .text.I2C_WaitOnRXNEFlagUntilTimeout
                0x0000000008001844       0xac Drivers/STM32F4xx_HAL_Driver/Src/stm32f4xx_hal_i2c.o
 .text.I2C_IsAcknowledgeFailed
                0x00000000080018f0       0x5e Drivers/STM32F4xx_HAL_Driver/Src/stm32f4xx_hal_i2c.o
 *fill*         0x000000000800194e        0x2 
 .text.HAL_RCC_OscConfig
                0x0000000008001950      0x484 Drivers/STM32F4xx_HAL_Driver/Src/stm32f4xx_hal_rcc.o
                0x0000000008001950                HAL_RCC_OscConfig
 .text.HAL_RCC_ClockConfig
                0x0000000008001dd4      0x1c4 Drivers/STM32F4xx_HAL_Driver/Src/stm32f4xx_hal_rcc.o
                0x0000000008001dd4                HAL_RCC_ClockConfig
 .text.HAL_RCC_EnableCSS
                0x0000000008001f98       0x18 Drivers/STM32F4xx_HAL_Driver/Src/stm32f4xx_hal_rcc.o
                0x0000000008001f98                HAL_RCC_EnableCSS
 .text.HAL_RCC_GetSysClockFreq
                0x0000000008001fb0      0x164 Drivers/STM32F4xx_HAL_Driver/Src/stm32f4xx_hal_rcc.o
                0x0000000008001fb0                HAL_RCC_GetSysClockFreq
 .text.HAL_RCC_GetHCLKFreq
                0x0000000008002114       0x18 Drivers/STM32F4xx_HAL_Driver/Src/stm32f4xx_hal_rcc.o
                0x0000000008002114                HAL_RCC_GetHCLKFreq
 .text.HAL_RCC_GetPCLK1Freq
                0x000000000800212c       0x28 Drivers/STM32F4xx_HAL_Driver/Src/stm32f4xx_hal_rcc.o
                0x000000000800212c                HAL_RCC_GetPCLK1Freq
 .text.HAL_RCC_GetPCLK2Freq
                0x0000000008002154       0x28 Drivers/STM32F4xx_HAL_Driver/Src/stm32f4xx_hal_rcc.o
                0x0000000008002154                HAL_RCC_GetPCLK2Freq
 .text.HAL_RCC_GetClockConfig
                0x000000000800217c       0x64 Drivers/STM32F4xx_HAL_Driver/Src/stm32f4xx_hal_rcc.o
                0x000000000800217c                HAL_RCC_GetClockConfig
 .text.HAL_TIM_Base_Init
                0x00000000080021e0       0x56 Drivers/STM32F4xx_HAL_Driver/Src/stm32f4xx_hal_tim.o
                0x00000000080021e0                HAL_TIM_Base_Init
 .text.HAL_TIM_Base_Start_IT
                0x0000000008002236       0x48 Drivers/STM32F4xx_HAL_Driver/Src/stm32f4xx_hal_tim.o
                0x0000000008002236                HAL_TIM_Base_Start_IT
 .text.HAL_TIM_PWM_Init
                0x000000000800227e       0x56 Drivers/STM32F4xx_HAL_Driver/Src/stm32f4xx_hal_tim.o
                0x000000000800227e                HAL_TIM_PWM_Init
 .text.HAL_TIM_PWM_MspInit
                0x00000000080022d4       0x14 Drivers/STM32F4xx_HAL_Driver/Src/stm32f4xx_hal_tim.o
                0x00000000080022d4                HAL_TIM_PWM_MspInit
 .text.HAL_TIM_PWM_Start
                0x00000000080022e8       0x64 Drivers/STM32F4xx_HAL_Driver/Src/stm32f4xx_hal_tim.o
                0x00000000080022e8                HAL_TIM_PWM_Start
 .text.HAL_TIM_IRQHandler
                0x000000000800234c      0x210 Drivers/STM32F4xx_HAL_Driver/Src/stm32f4xx_hal_tim.o
                0x000000000800234c                HAL_TIM_IRQHandler
 .text.HAL_TIM_PWM_ConfigChannel
                0x000000000800255c      0x18c Drivers/STM32F4xx_HAL_Driver/Src/stm32f4xx_hal_tim.o
                0x000000000800255c                HAL_TIM_PWM_ConfigChannel
 .text.HAL_TIM_OC_DelayElapsedCallback
                0x00000000080026e8       0x14 Drivers/STM32F4xx_HAL_Driver/Src/stm32f4xx_hal_tim.o
                0x00000000080026e8                HAL_TIM_OC_DelayElapsedCallback
 .text.HAL_TIM_IC_CaptureCallback
                0x00000000080026fc       0x14 Drivers/STM32F4xx_HAL_Driver/Src/stm32f4xx_hal_tim.o
                0x00000000080026fc                HAL_TIM_IC_CaptureCallback
 .text.HAL_TIM_PWM_PulseFinishedCallback
                0x0000000008002710       0x14 Drivers/STM32F4xx_HAL_Driver/Src/stm32f4xx_hal_tim.o
                0x0000000008002710                HAL_TIM_PWM_PulseFinishedCallback
 .text.HAL_TIM_TriggerCallback
                0x0000000008002724       0x14 Drivers/STM32F4xx_HAL_Driver/Src/stm32f4xx_hal_tim.o
                0x0000000008002724                HAL_TIM_TriggerCallback
 .text.TIM_Base_SetConfig
                0x0000000008002738      0x100 Drivers/STM32F4xx_HAL_Driver/Src/stm32f4xx_hal_tim.o
                0x0000000008002738                TIM_Base_SetConfig
 .text.TIM_OC1_SetConfig
                0x0000000008002838       0xcc Drivers/STM32F4xx_HAL_Driver/Src/stm32f4xx_hal_tim.o
 .text.TIM_OC2_SetConfig
                0x0000000008002904       0xd8 Drivers/STM32F4xx_HAL_Driver/Src/stm32f4xx_hal_tim.o
                0x0000000008002904                TIM_OC2_SetConfig
 .text.TIM_OC3_SetConfig
                0x00000000080029dc       0xd4 Drivers/STM32F4xx_HAL_Driver/Src/stm32f4xx_hal_tim.o
 .text.TIM_OC4_SetConfig
                0x0000000008002ab0       0xa0 Drivers/STM32F4xx_HAL_Driver/Src/stm32f4xx_hal_tim.o
 .text.TIM_CCxChannelCmd
                0x0000000008002b50       0x4a Drivers/STM32F4xx_HAL_Driver/Src/stm32f4xx_hal_tim.o
                0x0000000008002b50                TIM_CCxChannelCmd
 .text.HAL_TIMEx_CommutCallback
                0x0000000008002b9a       0x14 Drivers/STM32F4xx_HAL_Driver/Src/stm32f4xx_hal_tim_ex.o
                0x0000000008002b9a                HAL_TIMEx_CommutCallback
 .text.HAL_TIMEx_BreakCallback
                0x0000000008002bae       0x14 Drivers/STM32F4xx_HAL_Driver/Src/stm32f4xx_hal_tim_ex.o
                0x0000000008002bae                HAL_TIMEx_BreakCallback
 .text.HAL_UART_Init
                0x0000000008002bc2       0x9a Drivers/STM32F4xx_HAL_Driver/Src/stm32f4xx_hal_uart.o
                0x0000000008002bc2                HAL_UART_Init
 .text.HAL_UART_Transmit
                0x0000000008002c5c      0x132 Drivers/STM32F4xx_HAL_Driver/Src/stm32f4xx_hal_uart.o
                0x0000000008002c5c                HAL_UART_Transmit
 .text.UART_WaitOnFlagUntilTimeout
                0x0000000008002d8e       0x94 Drivers/STM32F4xx_HAL_Driver/Src/stm32f4xx_hal_uart.o
 *fill*         0x0000000008002e22        0x2 
 .text.UART_SetConfig
                0x0000000008002e24      0x414 Drivers/STM32F4xx_HAL_Driver/Src/stm32f4xx_hal_uart.o
 .text.osKernelInitialize
                0x0000000008003238       0x68 Middlewares/Third_Party/FreeRTOS/Source/CMSIS_RTOS_V2/cmsis_os2.o
                0x0000000008003238                osKernelInitialize
 .text.osKernelStart
                0x00000000080032a0       0x68 Middlewares/Third_Party/FreeRTOS/Source/CMSIS_RTOS_V2/cmsis_os2.o
                0x00000000080032a0                osKernelStart
 .text.osThreadNew
                0x0000000008003308      0x158 Middlewares/Third_Party/FreeRTOS/Source/CMSIS_RTOS_V2/cmsis_os2.o
                0x0000000008003308                osThreadNew
 .text.osDelay  0x0000000008003460       0x5c Middlewares/Third_Party/FreeRTOS/Source/CMSIS_RTOS_V2/cmsis_os2.o
                0x0000000008003460                osDelay
 .text.osMutexNew
                0x00000000080034bc      0x134 Middlewares/Third_Party/FreeRTOS/Source/CMSIS_RTOS_V2/cmsis_os2.o
                0x00000000080034bc                osMutexNew
 .text.osMessageQueueNew
                0x00000000080035f0      0x10c Middlewares/Third_Party/FreeRTOS/Source/CMSIS_RTOS_V2/cmsis_os2.o
                0x00000000080035f0                osMessageQueueNew
 .text.vApplicationGetIdleTaskMemory
                0x00000000080036fc       0x34 Middlewares/Third_Party/FreeRTOS/Source/CMSIS_RTOS_V2/cmsis_os2.o
                0x00000000080036fc                vApplicationGetIdleTaskMemory
 .text.vApplicationGetTimerTaskMemory
                0x0000000008003730       0x34 Middlewares/Third_Party/FreeRTOS/Source/CMSIS_RTOS_V2/cmsis_os2.o
                0x0000000008003730                vApplicationGetTimerTaskMemory
 .text.vListInitialise
                0x0000000008003764       0x40 Middlewares/Third_Party/FreeRTOS/Source/list.o
                0x0000000008003764                vListInitialise
 .text.vListInitialiseItem
                0x00000000080037a4       0x1a Middlewares/Third_Party/FreeRTOS/Source/list.o
                0x00000000080037a4                vListInitialiseItem
 .text.vListInsertEnd
                0x00000000080037be       0x48 Middlewares/Third_Party/FreeRTOS/Source/list.o
                0x00000000080037be                vListInsertEnd
 .text.vListInsert
                0x0000000008003806       0x72 Middlewares/Third_Party/FreeRTOS/Source/list.o
                0x0000000008003806                vListInsert
 .text.uxListRemove
                0x0000000008003878       0x54 Middlewares/Third_Party/FreeRTOS/Source/list.o
                0x0000000008003878                uxListRemove
 .text.xQueueGenericReset
                0x00000000080038cc       0xd0 Middlewares/Third_Party/FreeRTOS/Source/queue.o
                0x00000000080038cc                xQueueGenericReset
 .text.xQueueGenericCreateStatic
                0x000000000800399c       0xe4 Middlewares/Third_Party/FreeRTOS/Source/queue.o
                0x000000000800399c                xQueueGenericCreateStatic
 .text.xQueueGenericCreate
                0x0000000008003a80       0x7a Middlewares/Third_Party/FreeRTOS/Source/queue.o
                0x0000000008003a80                xQueueGenericCreate
 .text.prvInitialiseNewQueue
                0x0000000008003afa       0x46 Middlewares/Third_Party/FreeRTOS/Source/queue.o
 .text.prvInitialiseMutex
                0x0000000008003b40       0x34 Middlewares/Third_Party/FreeRTOS/Source/queue.o
 .text.xQueueCreateMutex
                0x0000000008003b74       0x30 Middlewares/Third_Party/FreeRTOS/Source/queue.o
                0x0000000008003b74                xQueueCreateMutex
 .text.xQueueCreateMutexStatic
                0x0000000008003ba4       0x36 Middlewares/Third_Party/FreeRTOS/Source/queue.o
                0x0000000008003ba4                xQueueCreateMutexStatic
 *fill*         0x0000000008003bda        0x2 
 .text.xQueueGenericSend
                0x0000000008003bdc      0x1f4 Middlewares/Third_Party/FreeRTOS/Source/queue.o
                0x0000000008003bdc                xQueueGenericSend
 .text.xQueueGenericSendFromISR
                0x0000000008003dd0      0x128 Middlewares/Third_Party/FreeRTOS/Source/queue.o
                0x0000000008003dd0                xQueueGenericSendFromISR
 .text.xQueueReceive
                0x0000000008003ef8      0x1b8 Middlewares/Third_Party/FreeRTOS/Source/queue.o
                0x0000000008003ef8                xQueueReceive
 .text.prvCopyDataToQueue
                0x00000000080040b0       0xd4 Middlewares/Third_Party/FreeRTOS/Source/queue.o
 .text.prvCopyDataFromQueue
                0x0000000008004184       0x4c Middlewares/Third_Party/FreeRTOS/Source/queue.o
 .text.prvUnlockQueue
                0x00000000080041d0       0xa4 Middlewares/Third_Party/FreeRTOS/Source/queue.o
 .text.prvIsQueueEmpty
                0x0000000008004274       0x2c Middlewares/Third_Party/FreeRTOS/Source/queue.o
 .text.prvIsQueueFull
                0x00000000080042a0       0x30 Middlewares/Third_Party/FreeRTOS/Source/queue.o
 .text.vQueueAddToRegistry
                0x00000000080042d0       0x50 Middlewares/Third_Party/FreeRTOS/Source/queue.o
                0x00000000080042d0                vQueueAddToRegistry
 .text.vQueueWaitForMessageRestricted
                0x0000000008004320       0x68 Middlewares/Third_Party/FreeRTOS/Source/queue.o
                0x0000000008004320                vQueueWaitForMessageRestricted
 .text.xTaskCreateStatic
                0x0000000008004388       0xb2 Middlewares/Third_Party/FreeRTOS/Source/tasks.o
                0x0000000008004388                xTaskCreateStatic
 .text.xTaskCreate
                0x000000000800443a       0x8a Middlewares/Third_Party/FreeRTOS/Source/tasks.o
                0x000000000800443a                xTaskCreate
 .text.prvInitialiseNewTask
                0x00000000080044c4      0x10c Middlewares/Third_Party/FreeRTOS/Source/tasks.o
 .text.prvAddNewTaskToReadyList
                0x00000000080045d0       0xe0 Middlewares/Third_Party/FreeRTOS/Source/tasks.o
 .text.vTaskDelay
                0x00000000080046b0       0x68 Middlewares/Third_Party/FreeRTOS/Source/tasks.o
                0x00000000080046b0                vTaskDelay
 .text.vTaskStartScheduler
                0x0000000008004718       0xc8 Middlewares/Third_Party/FreeRTOS/Source/tasks.o
                0x0000000008004718                vTaskStartScheduler
 .text.vTaskSuspendAll
                0x00000000080047e0       0x1c Middlewares/Third_Party/FreeRTOS/Source/tasks.o
                0x00000000080047e0                vTaskSuspendAll
 .text.xTaskResumeAll
                0x00000000080047fc      0x138 Middlewares/Third_Party/FreeRTOS/Source/tasks.o
                0x00000000080047fc                xTaskResumeAll
 .text.xTaskGetTickCount
                0x0000000008004934       0x20 Middlewares/Third_Party/FreeRTOS/Source/tasks.o
                0x0000000008004934                xTaskGetTickCount
 .text.xTaskIncrementTick
                0x0000000008004954      0x17c Middlewares/Third_Party/FreeRTOS/Source/tasks.o
                0x0000000008004954                xTaskIncrementTick
 .text.vTaskSwitchContext
                0x0000000008004ad0       0xb8 Middlewares/Third_Party/FreeRTOS/Source/tasks.o
                0x0000000008004ad0                vTaskSwitchContext
 .text.vTaskPlaceOnEventList
                0x0000000008004b88       0x48 Middlewares/Third_Party/FreeRTOS/Source/tasks.o
                0x0000000008004b88                vTaskPlaceOnEventList
 .text.vTaskPlaceOnEventListRestricted
                0x0000000008004bd0       0x54 Middlewares/Third_Party/FreeRTOS/Source/tasks.o
                0x0000000008004bd0                vTaskPlaceOnEventListRestricted
 .text.xTaskRemoveFromEventList
                0x0000000008004c24       0xc4 Middlewares/Third_Party/FreeRTOS/Source/tasks.o
                0x0000000008004c24                xTaskRemoveFromEventList
 .text.vTaskInternalSetTimeOutState
                0x0000000008004ce8       0x2c Middlewares/Third_Party/FreeRTOS/Source/tasks.o
                0x0000000008004ce8                vTaskInternalSetTimeOutState
 .text.xTaskCheckForTimeOut
                0x0000000008004d14       0xc0 Middlewares/Third_Party/FreeRTOS/Source/tasks.o
                0x0000000008004d14                xTaskCheckForTimeOut
 .text.vTaskMissedYield
                0x0000000008004dd4       0x18 Middlewares/Third_Party/FreeRTOS/Source/tasks.o
                0x0000000008004dd4                vTaskMissedYield
 .text.prvIdleTask
                0x0000000008004dec       0x30 Middlewares/Third_Party/FreeRTOS/Source/tasks.o
 .text.prvInitialiseTaskLists
                0x0000000008004e1c       0x80 Middlewares/Third_Party/FreeRTOS/Source/tasks.o
 .text.prvCheckTasksWaitingTermination
                0x0000000008004e9c       0x58 Middlewares/Third_Party/FreeRTOS/Source/tasks.o
 .text.prvDeleteTCB
                0x0000000008004ef4       0x5c Middlewares/Third_Party/FreeRTOS/Source/tasks.o
 .text.prvResetNextTaskUnblockTime
                0x0000000008004f50       0x4c Middlewares/Third_Party/FreeRTOS/Source/tasks.o
 .text.xTaskGetSchedulerState
                0x0000000008004f9c       0x3c Middlewares/Third_Party/FreeRTOS/Source/tasks.o
                0x0000000008004f9c                xTaskGetSchedulerState
 .text.xTaskPriorityDisinherit
                0x0000000008004fd8       0xd8 Middlewares/Third_Party/FreeRTOS/Source/tasks.o
                0x0000000008004fd8                xTaskPriorityDisinherit
 .text.prvAddCurrentTaskToDelayedList
                0x00000000080050b0       0xa8 Middlewares/Third_Party/FreeRTOS/Source/tasks.o
 .text.xTimerCreateTimerTask
                0x0000000008005158       0x90 Middlewares/Third_Party/FreeRTOS/Source/timers.o
                0x0000000008005158                xTimerCreateTimerTask
 .text.xTimerGenericCommand
                0x00000000080051e8       0x98 Middlewares/Third_Party/FreeRTOS/Source/timers.o
                0x00000000080051e8                xTimerGenericCommand
 .text.prvProcessExpiredTimer
                0x0000000008005280       0x80 Middlewares/Third_Party/FreeRTOS/Source/timers.o
 .text.prvTimerTask
                0x0000000008005300       0x24 Middlewares/Third_Party/FreeRTOS/Source/timers.o
 .text.prvProcessTimerOrBlockTask
                0x0000000008005324       0x9c Middlewares/Third_Party/FreeRTOS/Source/timers.o
 .text.prvGetNextExpireTime
                0x00000000080053c0       0x48 Middlewares/Third_Party/FreeRTOS/Source/timers.o
 .text.prvSampleTimeNow
                0x0000000008005408       0x40 Middlewares/Third_Party/FreeRTOS/Source/timers.o
 .text.prvInsertTimerInActiveList
                0x0000000008005448       0x84 Middlewares/Third_Party/FreeRTOS/Source/timers.o
 .text.prvProcessReceivedCommands
                0x00000000080054cc      0x160 Middlewares/Third_Party/FreeRTOS/Source/timers.o
 .text.prvSwitchTimerLists
                0x000000000800562c       0xc0 Middlewares/Third_Party/FreeRTOS/Source/timers.o
 .text.prvCheckForValidListAndQueue
                0x00000000080056ec       0x80 Middlewares/Third_Party/FreeRTOS/Source/timers.o
 .text.pxPortInitialiseStack
                0x000000000800576c       0x68 Middlewares/Third_Party/FreeRTOS/Source/portable/GCC/ARM_CM4F/port.o
                0x000000000800576c                pxPortInitialiseStack
 .text.prvTaskExitError
                0x00000000080057d4       0x54 Middlewares/Third_Party/FreeRTOS/Source/portable/GCC/ARM_CM4F/port.o
 *fill*         0x0000000008005828        0x8 
 .text.SVC_Handler
                0x0000000008005830       0x28 Middlewares/Third_Party/FreeRTOS/Source/portable/GCC/ARM_CM4F/port.o
                0x0000000008005830                SVC_Handler
 .text.prvPortStartFirstTask
                0x0000000008005858       0x28 Middlewares/Third_Party/FreeRTOS/Source/portable/GCC/ARM_CM4F/port.o
 .text.xPortStartScheduler
                0x0000000008005880      0x13c Middlewares/Third_Party/FreeRTOS/Source/portable/GCC/ARM_CM4F/port.o
                0x0000000008005880                xPortStartScheduler
 .text.vPortEnterCritical
                0x00000000080059bc       0x5c Middlewares/Third_Party/FreeRTOS/Source/portable/GCC/ARM_CM4F/port.o
                0x00000000080059bc                vPortEnterCritical
 .text.vPortExitCritical
                0x0000000008005a18       0x50 Middlewares/Third_Party/FreeRTOS/Source/portable/GCC/ARM_CM4F/port.o
                0x0000000008005a18                vPortExitCritical
 *fill*         0x0000000008005a68        0x8 
 .text.PendSV_Handler
                0x0000000008005a70       0x68 Middlewares/Third_Party/FreeRTOS/Source/portable/GCC/ARM_CM4F/port.o
                0x0000000008005a70                PendSV_Handler
 .text.SysTick_Handler
                0x0000000008005ad8       0x40 Middlewares/Third_Party/FreeRTOS/Source/portable/GCC/ARM_CM4F/port.o
                0x0000000008005ad8                SysTick_Handler
 .text.vPortSetupTimerInterrupt
                0x0000000008005b18       0x48 Middlewares/Third_Party/FreeRTOS/Source/portable/GCC/ARM_CM4F/port.o
                0x0000000008005b18                vPortSetupTimerInterrupt
 .text.vPortEnableVFP
                0x0000000008005b60       0x14 Middlewares/Third_Party/FreeRTOS/Source/portable/GCC/ARM_CM4F/port.o
 .text.vPortValidateInterruptPriority
                0x0000000008005b74       0x7c Middlewares/Third_Party/FreeRTOS/Source/portable/GCC/ARM_CM4F/port.o
                0x0000000008005b74                vPortValidateInterruptPriority
 .text.pvPortMalloc
                0x0000000008005bf0      0x184 Middlewares/Third_Party/FreeRTOS/Source/portable/MemMang/heap_4.o
                0x0000000008005bf0                pvPortMalloc
 .text.vPortFree
                0x0000000008005d74       0xb0 Middlewares/Third_Party/FreeRTOS/Source/portable/MemMang/heap_4.o
                0x0000000008005d74                vPortFree
 .text.prvHeapInit
                0x0000000008005e24       0xc4 Middlewares/Third_Party/FreeRTOS/Source/portable/MemMang/heap_4.o
 .text.prvInsertBlockIntoFreeList
                0x0000000008005ee8       0xb4 Middlewares/Third_Party/FreeRTOS/Source/portable/MemMang/heap_4.o
 .text.gy_30_send_command
                0x0000000008005f9c       0x28 Src/gy_30.o
                0x0000000008005f9c                gy_30_send_command
 .text.gy_30_read_data
                0x0000000008005fc4       0x38 Src/gy_30.o
                0x0000000008005fc4                gy_30_read_data
 .text.gy_30_display
                0x0000000008005ffc      0x170 Src/gy_30.o
                0x0000000008005ffc                gy_30_display
 .text.gy_30_read
                0x000000000800616c       0x2e Src/gy_30.o
                0x000000000800616c                gy_30_read
 *fill*         0x000000000800619a        0x2 
 .text.main     0x000000000800619c      0x198 Src/main.o
                0x000000000800619c                main
 .text.SystemClock_Config
                0x0000000008006334       0xd4 Src/main.o
                0x0000000008006334                SystemClock_Config
 .text.MX_I2C1_Init
                0x0000000008006408       0x5c Src/main.o
 .text.MX_I2C2_Init
                0x0000000008006464       0x5c Src/main.o
 .text.MX_I2C3_Init
                0x00000000080064c0       0x5c Src/main.o
 .text.MX_TIM11_Init
                0x000000000800651c       0x9c Src/main.o
 .text.MX_USART6_UART_Init
                0x00000000080065b8       0x54 Src/main.o
 .text.MX_GPIO_Init
                0x000000000800660c       0xa4 Src/main.o
 .text.Sht31Task
                0x00000000080066b0       0x1c Src/main.o
                0x00000000080066b0                Sht31Task
 .text.Gy30Task
                0x00000000080066cc       0x1c Src/main.o
                0x00000000080066cc                Gy30Task
 .text.OledTask
                0x00000000080066e8       0x48 Src/main.o
                0x00000000080066e8                OledTask
 .text.GreenTask
                0x0000000008006730       0x24 Src/main.o
                0x0000000008006730                GreenTask
 .text.HAL_TIM_PeriodElapsedCallback
                0x0000000008006754       0x24 Src/main.o
                0x0000000008006754                HAL_TIM_PeriodElapsedCallback
 .text.Error_Handler
                0x0000000008006778        0xe Src/main.o
                0x0000000008006778                Error_Handler
 *fill*         0x0000000008006786        0x2 
 .text.Write_IIC_Command
                0x0000000008006788       0x48 Src/oled.o
                0x0000000008006788                Write_IIC_Command
 .text.Write_IIC_Data
                0x00000000080067d0       0x48 Src/oled.o
                0x00000000080067d0                Write_IIC_Data
 .text.OLED_WR_Byte
                0x0000000008006818       0x30 Src/oled.o
                0x0000000008006818                OLED_WR_Byte
 .text.OLED_Set_Pos
                0x0000000008006848       0x54 Src/oled.o
                0x0000000008006848                OLED_Set_Pos
 .text.OLED_Display_On
                0x000000000800689c       0x20 Src/oled.o
                0x000000000800689c                OLED_Display_On
 .text.OLED_Display_Off
                0x00000000080068bc       0x20 Src/oled.o
                0x00000000080068bc                OLED_Display_Off
 .text.OLED_Clear
                0x00000000080068dc       0x58 Src/oled.o
                0x00000000080068dc                OLED_Clear
 .text.OLED_ShowChar
                0x0000000008006934       0xa8 Src/oled.o
                0x0000000008006934                OLED_ShowChar
 .text.OLED_ShowString
                0x00000000080069dc       0x58 Src/oled.o
                0x00000000080069dc                OLED_ShowString
 .text.OLED_ShowString_N
                0x0000000008006a34       0x56 Src/oled.o
                0x0000000008006a34                OLED_ShowString_N
 *fill*         0x0000000008006a8a        0x2 
 .text.OLED_ShowCHinese
                0x0000000008006a8c       0xa0 Src/oled.o
                0x0000000008006a8c                OLED_ShowCHinese
 .text.OLED_Init
                0x0000000008006b2c       0xbc Src/oled.o
                0x0000000008006b2c                OLED_Init
 .text.oled_display_memu
                0x0000000008006be8       0xb8 Src/oled_display.o
                0x0000000008006be8                oled_display_memu
 .text.SHT3X_CalcCrc
                0x0000000008006ca0       0x70 Src/sht3x.o
 .text.SHT3X_CheckCrc
                0x0000000008006d10       0x34 Src/sht3x.o
 .text.SHT3X_CalcTemperature
                0x0000000008006d44       0x48 Src/sht3x.o
 .text.SHT3X_CalcHumidity
                0x0000000008006d8c       0x40 Src/sht3x.o
 .text.SHT3X_Send_Command
                0x0000000008006dcc       0x40 Src/sht3x.o
 .text.data_synthesis
                0x0000000008006e0c       0x54 Src/sht3x.o
                0x0000000008006e0c                data_synthesis
 .text.sht31_display
                0x0000000008006e60      0x210 Src/sht3x.o
                0x0000000008006e60                sht31_display
 .text.sht31_measurement
                0x0000000008007070       0xe8 Src/sht3x.o
                0x0000000008007070                sht31_measurement
 .text.sht31_read
                0x0000000008007158       0x1c Src/sht3x.o
                0x0000000008007158                sht31_read
 .text.HAL_MspInit
                0x0000000008007174       0x58 Src/stm32f4xx_hal_msp.o
                0x0000000008007174                HAL_MspInit
 .text.HAL_I2C_MspInit
                0x00000000080071cc      0x1c4 Src/stm32f4xx_hal_msp.o
                0x00000000080071cc                HAL_I2C_MspInit
 .text.HAL_TIM_Base_MspInit
                0x0000000008007390       0x44 Src/stm32f4xx_hal_msp.o
                0x0000000008007390                HAL_TIM_Base_MspInit
 .text.HAL_TIM_MspPostInit
                0x00000000080073d4       0x74 Src/stm32f4xx_hal_msp.o
                0x00000000080073d4                HAL_TIM_MspPostInit
 .text.HAL_UART_MspInit
                0x0000000008007448       0x90 Src/stm32f4xx_hal_msp.o
                0x0000000008007448                HAL_UART_MspInit
 .text.HAL_InitTick
                0x00000000080074d8       0xb0 Src/stm32f4xx_hal_timebase_tim.o
                0x00000000080074d8                HAL_InitTick
 .text.NMI_Handler
                0x0000000008007588        0xe Src/stm32f4xx_it.o
                0x0000000008007588                NMI_Handler
 .text.HardFault_Handler
                0x0000000008007596        0x6 Src/stm32f4xx_it.o
                0x0000000008007596                HardFault_Handler
 .text.MemManage_Handler
                0x000000000800759c        0x6 Src/stm32f4xx_it.o
                0x000000000800759c                MemManage_Handler
 .text.BusFault_Handler
                0x00000000080075a2        0x6 Src/stm32f4xx_it.o
                0x00000000080075a2                BusFault_Handler
 .text.UsageFault_Handler
                0x00000000080075a8        0x6 Src/stm32f4xx_it.o
                0x00000000080075a8                UsageFault_Handler
 .text.DebugMon_Handler
                0x00000000080075ae        0xe Src/stm32f4xx_it.o
                0x00000000080075ae                DebugMon_Handler
 .text.TIM1_UP_TIM10_IRQHandler
                0x00000000080075bc       0x14 Src/stm32f4xx_it.o
                0x00000000080075bc                TIM1_UP_TIM10_IRQHandler
 .text.SystemInit
                0x00000000080075d0       0x6c Src/system_stm32f4xx.o
                0x00000000080075d0                SystemInit
 .text.uart_multibyte_send
                0x000000000800763c       0x2c Src/uart_display.o
                0x000000000800763c                uart_multibyte_send
 .text.Reset_Handler
                0x0000000008007668       0x50 Startup/startup_stm32f411ceux.o
                0x0000000008007668                Reset_Handler
 .text.Default_Handler
                0x00000000080076b8        0x2 Startup/startup_stm32f411ceux.o
                0x00000000080076b8                RTC_Alarm_IRQHandler
                0x00000000080076b8                EXTI2_IRQHandler
                0x00000000080076b8                SPI4_IRQHandler
                0x00000000080076b8                TIM1_CC_IRQHandler
                0x00000000080076b8                DMA2_Stream5_IRQHandler
                0x00000000080076b8                DMA1_Stream5_IRQHandler
                0x00000000080076b8                PVD_IRQHandler
                0x00000000080076b8                SDIO_IRQHandler
                0x00000000080076b8                TAMP_STAMP_IRQHandler
                0x00000000080076b8                EXTI3_IRQHandler
                0x00000000080076b8                I2C3_ER_IRQHandler
                0x00000000080076b8                EXTI0_IRQHandler
                0x00000000080076b8                I2C2_EV_IRQHandler
                0x00000000080076b8                DMA1_Stream2_IRQHandler
                0x00000000080076b8                FPU_IRQHandler
                0x00000000080076b8                DMA2_Stream2_IRQHandler
                0x00000000080076b8                SPI1_IRQHandler
                0x00000000080076b8                TIM1_BRK_TIM9_IRQHandler
                0x00000000080076b8                DMA2_Stream3_IRQHandler
                0x00000000080076b8                USART6_IRQHandler
                0x00000000080076b8                DMA2_Stream0_IRQHandler
                0x00000000080076b8                TIM4_IRQHandler
                0x00000000080076b8                I2C1_EV_IRQHandler
                0x00000000080076b8                DMA1_Stream6_IRQHandler
                0x00000000080076b8                DMA1_Stream1_IRQHandler
                0x00000000080076b8                TIM3_IRQHandler
                0x00000000080076b8                RCC_IRQHandler
                0x00000000080076b8                Default_Handler
                0x00000000080076b8                EXTI15_10_IRQHandler
                0x00000000080076b8                ADC_IRQHandler
                0x00000000080076b8                DMA1_Stream7_IRQHandler
                0x00000000080076b8                SPI5_IRQHandler
                0x00000000080076b8                TIM5_IRQHandler
                0x00000000080076b8                DMA2_Stream7_IRQHandler
                0x00000000080076b8                I2C3_EV_IRQHandler
                0x00000000080076b8                EXTI9_5_IRQHandler
                0x00000000080076b8                RTC_WKUP_IRQHandler
                0x00000000080076b8                SPI2_IRQHandler
                0x00000000080076b8                DMA1_Stream0_IRQHandler
                0x00000000080076b8                EXTI4_IRQHandler
                0x00000000080076b8                WWDG_IRQHandler
                0x00000000080076b8                TIM2_IRQHandler
                0x00000000080076b8                OTG_FS_WKUP_IRQHandler
                0x00000000080076b8                TIM1_TRG_COM_TIM11_IRQHandler
                0x00000000080076b8                EXTI1_IRQHandler
                0x00000000080076b8                USART2_IRQHandler
                0x00000000080076b8                I2C2_ER_IRQHandler
                0x00000000080076b8                DMA2_Stream1_IRQHandler
                0x00000000080076b8                FLASH_IRQHandler
                0x00000000080076b8                DMA2_Stream4_IRQHandler
                0x00000000080076b8                USART1_IRQHandler
                0x00000000080076b8                OTG_FS_IRQHandler
                0x00000000080076b8                SPI3_IRQHandler
                0x00000000080076b8                DMA1_Stream4_IRQHandler
                0x00000000080076b8                I2C1_ER_IRQHandler
                0x00000000080076b8                DMA2_Stream6_IRQHandler
                0x00000000080076b8                DMA1_Stream3_IRQHandler
 *fill*         0x00000000080076ba        0x2 
 .text.__libc_init_array
                0x00000000080076bc       0x48 d:/st/stm32cubeide_1.0.2/stm32cubeide/plugins/com.st.stm32cube.ide.mcu.externaltools.gnu-tools-for-stm32.7-2018-q2-update.win32_1.0.0.201904181610/tools/bin/../lib/gcc/arm-none-eabi/7.3.1/../../../../arm-none-eabi/lib/thumb/v7e-m/fpv4-sp/hard\libc_nano.a(lib_a-init.o)
                0x00000000080076bc                __libc_init_array
 .text.memcpy   0x0000000008007704       0x16 d:/st/stm32cubeide_1.0.2/stm32cubeide/plugins/com.st.stm32cube.ide.mcu.externaltools.gnu-tools-for-stm32.7-2018-q2-update.win32_1.0.0.201904181610/tools/bin/../lib/gcc/arm-none-eabi/7.3.1/../../../../arm-none-eabi/lib/thumb/v7e-m/fpv4-sp/hard\libc_nano.a(lib_a-memcpy-stub.o)
                0x0000000008007704                memcpy
 .text.memset   0x000000000800771a       0x10 d:/st/stm32cubeide_1.0.2/stm32cubeide/plugins/com.st.stm32cube.ide.mcu.externaltools.gnu-tools-for-stm32.7-2018-q2-update.win32_1.0.0.201904181610/tools/bin/../lib/gcc/arm-none-eabi/7.3.1/../../../../arm-none-eabi/lib/thumb/v7e-m/fpv4-sp/hard\libc_nano.a(lib_a-memset.o)
                0x000000000800771a                memset
 *(.glue_7)
 .glue_7        0x000000000800772a        0x0 linker stubs
 *(.glue_7t)
 .glue_7t       0x000000000800772a        0x0 linker stubs
 *(.eh_frame)
 *fill*         0x000000000800772a        0x2 
 .eh_frame      0x000000000800772c        0x0 d:/st/stm32cubeide_1.0.2/stm32cubeide/plugins/com.st.stm32cube.ide.mcu.externaltools.gnu-tools-for-stm32.7-2018-q2-update.win32_1.0.0.201904181610/tools/bin/../lib/gcc/arm-none-eabi/7.3.1/thumb/v7e-m/fpv4-sp/hard/crtbegin.o
 *(.init)
 .init          0x000000000800772c        0x4 d:/st/stm32cubeide_1.0.2/stm32cubeide/plugins/com.st.stm32cube.ide.mcu.externaltools.gnu-tools-for-stm32.7-2018-q2-update.win32_1.0.0.201904181610/tools/bin/../lib/gcc/arm-none-eabi/7.3.1/thumb/v7e-m/fpv4-sp/hard/crti.o
                0x000000000800772c                _init
 .init          0x0000000008007730        0x8 d:/st/stm32cubeide_1.0.2/stm32cubeide/plugins/com.st.stm32cube.ide.mcu.externaltools.gnu-tools-for-stm32.7-2018-q2-update.win32_1.0.0.201904181610/tools/bin/../lib/gcc/arm-none-eabi/7.3.1/thumb/v7e-m/fpv4-sp/hard/crtn.o
 *(.fini)
 .fini          0x0000000008007738        0x4 d:/st/stm32cubeide_1.0.2/stm32cubeide/plugins/com.st.stm32cube.ide.mcu.externaltools.gnu-tools-for-stm32.7-2018-q2-update.win32_1.0.0.201904181610/tools/bin/../lib/gcc/arm-none-eabi/7.3.1/thumb/v7e-m/fpv4-sp/hard/crti.o
                0x0000000008007738                _fini
 .fini          0x000000000800773c        0x8 d:/st/stm32cubeide_1.0.2/stm32cubeide/plugins/com.st.stm32cube.ide.mcu.externaltools.gnu-tools-for-stm32.7-2018-q2-update.win32_1.0.0.201904181610/tools/bin/../lib/gcc/arm-none-eabi/7.3.1/thumb/v7e-m/fpv4-sp/hard/crtn.o
                0x0000000008007744                . = ALIGN (0x4)
                0x0000000008007744                _etext = .

.vfp11_veneer   0x0000000008007744        0x0
 .vfp11_veneer  0x0000000008007744        0x0 linker stubs

.v4_bx          0x0000000008007744        0x0
 .v4_bx         0x0000000008007744        0x0 linker stubs

.iplt           0x0000000008007744        0x0
 .iplt          0x0000000008007744        0x0 d:/st/stm32cubeide_1.0.2/stm32cubeide/plugins/com.st.stm32cube.ide.mcu.externaltools.gnu-tools-for-stm32.7-2018-q2-update.win32_1.0.0.201904181610/tools/bin/../lib/gcc/arm-none-eabi/7.3.1/thumb/v7e-m/fpv4-sp/hard/crtbegin.o

.rodata         0x0000000008007744      0x874
                0x0000000008007744                . = ALIGN (0x4)
 *(.rodata)
 .rodata        0x0000000008007744        0x5 Middlewares/Third_Party/FreeRTOS/Source/tasks.o
 *fill*         0x0000000008007749        0x3 
 .rodata        0x000000000800774c        0xd Middlewares/Third_Party/FreeRTOS/Source/timers.o
 *fill*         0x0000000008007759        0x3 
 .rodata        0x000000000800775c       0x42 Src/main.o
 *(.rodata*)
 *fill*         0x000000000800779e        0x2 
 .rodata.gy_30_title
                0x00000000080077a0       0x14 Src/gy_30.o
                0x00000000080077a0                gy_30_title
 .rodata.lx_suffix
                0x00000000080077b4        0x4 Src/gy_30.o
                0x00000000080077b4                lx_suffix
 .rodata.F8X16  0x00000000080077b8      0x5f0 Src/oled.o
                0x00000000080077b8                F8X16
 .rodata.Hzk    0x0000000008007da8      0x1c0 Src/oled.o
                0x0000000008007da8                Hzk
 .rodata.tem_title
                0x0000000008007f68       0x15 Src/sht3x.o
                0x0000000008007f68                tem_title
 *fill*         0x0000000008007f7d        0x3 
 .rodata.hum_title
                0x0000000008007f80       0x12 Src/sht3x.o
                0x0000000008007f80                hum_title
 *fill*         0x0000000008007f92        0x2 
 .rodata.tem_suffix
                0x0000000008007f94        0x3 Src/sht3x.o
                0x0000000008007f94                tem_suffix
 *fill*         0x0000000008007f97        0x1 
 .rodata.hum_suffix
                0x0000000008007f98        0x5 Src/sht3x.o
                0x0000000008007f98                hum_suffix
 *fill*         0x0000000008007f9d        0x3 
 .rodata.AHBPrescTable
                0x0000000008007fa0       0x10 Src/system_stm32f4xx.o
                0x0000000008007fa0                AHBPrescTable
 .rodata.APBPrescTable
                0x0000000008007fb0        0x8 Src/system_stm32f4xx.o
                0x0000000008007fb0                APBPrescTable
                0x0000000008007fb8                . = ALIGN (0x4)

.ARM.extab      0x0000000008007fb8        0x0
                0x0000000008007fb8                . = ALIGN (0x4)
 *(.ARM.extab* .gnu.linkonce.armextab.*)
                0x0000000008007fb8                . = ALIGN (0x4)

.ARM            0x0000000008007fb8        0x8
                0x0000000008007fb8                . = ALIGN (0x4)
                0x0000000008007fb8                __exidx_start = .
 *(.ARM.exidx*)
 .ARM.exidx     0x0000000008007fb8        0x8 d:/st/stm32cubeide_1.0.2/stm32cubeide/plugins/com.st.stm32cube.ide.mcu.externaltools.gnu-tools-for-stm32.7-2018-q2-update.win32_1.0.0.201904181610/tools/bin/../lib/gcc/arm-none-eabi/7.3.1/thumb/v7e-m/fpv4-sp/hard\libgcc.a(_udivmoddi4.o)
                0x0000000008007fc0                __exidx_end = .
                0x0000000008007fc0                . = ALIGN (0x4)

.rel.dyn        0x0000000008007fc0        0x0
 .rel.iplt      0x0000000008007fc0        0x0 d:/st/stm32cubeide_1.0.2/stm32cubeide/plugins/com.st.stm32cube.ide.mcu.externaltools.gnu-tools-for-stm32.7-2018-q2-update.win32_1.0.0.201904181610/tools/bin/../lib/gcc/arm-none-eabi/7.3.1/thumb/v7e-m/fpv4-sp/hard/crtbegin.o

.preinit_array  0x0000000008007fc0        0x0
                0x0000000008007fc0                . = ALIGN (0x4)
                0x0000000008007fc0                PROVIDE (__preinit_array_start = .)
 *(.preinit_array*)
                0x0000000008007fc0                PROVIDE (__preinit_array_end = .)
                0x0000000008007fc0                . = ALIGN (0x4)

.init_array     0x0000000008007fc0        0x4
                0x0000000008007fc0                . = ALIGN (0x4)
                0x0000000008007fc0                PROVIDE (__init_array_start = .)
 *(SORT_BY_NAME(.init_array.*))
 *(.init_array*)
 .init_array    0x0000000008007fc0        0x4 d:/st/stm32cubeide_1.0.2/stm32cubeide/plugins/com.st.stm32cube.ide.mcu.externaltools.gnu-tools-for-stm32.7-2018-q2-update.win32_1.0.0.201904181610/tools/bin/../lib/gcc/arm-none-eabi/7.3.1/thumb/v7e-m/fpv4-sp/hard/crtbegin.o
                0x0000000008007fc4                PROVIDE (__init_array_end = .)
                0x0000000008007fc4                . = ALIGN (0x4)

.fini_array     0x0000000008007fc4        0x4
                0x0000000008007fc4                . = ALIGN (0x4)
                [!provide]                        PROVIDE (__fini_array_start = .)
 *(SORT_BY_NAME(.fini_array.*))
 *(.fini_array*)
 .fini_array    0x0000000008007fc4        0x4 d:/st/stm32cubeide_1.0.2/stm32cubeide/plugins/com.st.stm32cube.ide.mcu.externaltools.gnu-tools-for-stm32.7-2018-q2-update.win32_1.0.0.201904181610/tools/bin/../lib/gcc/arm-none-eabi/7.3.1/thumb/v7e-m/fpv4-sp/hard/crtbegin.o
                [!provide]                        PROVIDE (__fini_array_end = .)
                0x0000000008007fc8                . = ALIGN (0x4)
                0x0000000008007fc8                _sidata = LOADADDR (.data)

.data           0x0000000020000000       0x10 load address 0x0000000008007fc8
                0x0000000020000000                . = ALIGN (0x4)
                0x0000000020000000                _sdata = .
 *(.data)
 *(.data*)
 .data.uwTickFreq
                0x0000000020000000        0x1 Drivers/STM32F4xx_HAL_Driver/Src/stm32f4xx_hal.o
                0x0000000020000000                uwTickFreq
 *fill*         0x0000000020000001        0x3 
 .data.uxCriticalNesting
                0x0000000020000004        0x4 Middlewares/Third_Party/FreeRTOS/Source/portable/GCC/ARM_CM4F/port.o
 .data.oled_data
                0x0000000020000008        0x2 Src/oled.o
                0x0000000020000008                oled_data
 *fill*         0x000000002000000a        0x2 
 .data.SystemCoreClock
                0x000000002000000c        0x4 Src/system_stm32f4xx.o
                0x000000002000000c                SystemCoreClock
                0x0000000020000010                . = ALIGN (0x4)
                0x0000000020000010                _edata = .

.igot.plt       0x0000000020000010        0x0 load address 0x0000000008007fd8
 .igot.plt      0x0000000020000010        0x0 d:/st/stm32cubeide_1.0.2/stm32cubeide/plugins/com.st.stm32cube.ide.mcu.externaltools.gnu-tools-for-stm32.7-2018-q2-update.win32_1.0.0.201904181610/tools/bin/../lib/gcc/arm-none-eabi/7.3.1/thumb/v7e-m/fpv4-sp/hard/crtbegin.o
                0x0000000020000010                . = ALIGN (0x4)

.bss            0x0000000020000010    0x13988 load address 0x0000000008007fd8
                0x0000000020000010                _sbss = .
                0x0000000020000010                __bss_start__ = _sbss
 *(.bss)
 .bss           0x0000000020000010       0x1c d:/st/stm32cubeide_1.0.2/stm32cubeide/plugins/com.st.stm32cube.ide.mcu.externaltools.gnu-tools-for-stm32.7-2018-q2-update.win32_1.0.0.201904181610/tools/bin/../lib/gcc/arm-none-eabi/7.3.1/thumb/v7e-m/fpv4-sp/hard/crtbegin.o
 *(.bss*)
 .bss.KernelState
                0x000000002000002c        0x4 Middlewares/Third_Party/FreeRTOS/Source/CMSIS_RTOS_V2/cmsis_os2.o
 .bss.Idle_TCB  0x0000000020000030       0x5c Middlewares/Third_Party/FreeRTOS/Source/CMSIS_RTOS_V2/cmsis_os2.o
 .bss.Idle_Stack
                0x000000002000008c     0x1000 Middlewares/Third_Party/FreeRTOS/Source/CMSIS_RTOS_V2/cmsis_os2.o
 .bss.Timer_TCB
                0x000000002000108c       0x5c Middlewares/Third_Party/FreeRTOS/Source/CMSIS_RTOS_V2/cmsis_os2.o
 .bss.Timer_Stack
                0x00000000200010e8     0x2000 Middlewares/Third_Party/FreeRTOS/Source/CMSIS_RTOS_V2/cmsis_os2.o
 .bss.pxCurrentTCB
                0x00000000200030e8        0x4 Middlewares/Third_Party/FreeRTOS/Source/tasks.o
                0x00000000200030e8                pxCurrentTCB
 .bss.pxReadyTasksLists
                0x00000000200030ec      0x460 Middlewares/Third_Party/FreeRTOS/Source/tasks.o
 .bss.xDelayedTaskList1
                0x000000002000354c       0x14 Middlewares/Third_Party/FreeRTOS/Source/tasks.o
 .bss.xDelayedTaskList2
                0x0000000020003560       0x14 Middlewares/Third_Party/FreeRTOS/Source/tasks.o
 .bss.pxDelayedTaskList
                0x0000000020003574        0x4 Middlewares/Third_Party/FreeRTOS/Source/tasks.o
 .bss.pxOverflowDelayedTaskList
                0x0000000020003578        0x4 Middlewares/Third_Party/FreeRTOS/Source/tasks.o
 .bss.xPendingReadyList
                0x000000002000357c       0x14 Middlewares/Third_Party/FreeRTOS/Source/tasks.o
 .bss.xTasksWaitingTermination
                0x0000000020003590       0x14 Middlewares/Third_Party/FreeRTOS/Source/tasks.o
 .bss.uxDeletedTasksWaitingCleanUp
                0x00000000200035a4        0x4 Middlewares/Third_Party/FreeRTOS/Source/tasks.o
 .bss.xSuspendedTaskList
                0x00000000200035a8       0x14 Middlewares/Third_Party/FreeRTOS/Source/tasks.o
 .bss.uxCurrentNumberOfTasks
                0x00000000200035bc        0x4 Middlewares/Third_Party/FreeRTOS/Source/tasks.o
 .bss.xTickCount
                0x00000000200035c0        0x4 Middlewares/Third_Party/FreeRTOS/Source/tasks.o
 .bss.uxTopReadyPriority
                0x00000000200035c4        0x4 Middlewares/Third_Party/FreeRTOS/Source/tasks.o
 .bss.xSchedulerRunning
                0x00000000200035c8        0x4 Middlewares/Third_Party/FreeRTOS/Source/tasks.o
 .bss.uxPendedTicks
                0x00000000200035cc        0x4 Middlewares/Third_Party/FreeRTOS/Source/tasks.o
 .bss.xYieldPending
                0x00000000200035d0        0x4 Middlewares/Third_Party/FreeRTOS/Source/tasks.o
 .bss.xNumOfOverflows
                0x00000000200035d4        0x4 Middlewares/Third_Party/FreeRTOS/Source/tasks.o
 .bss.uxTaskNumber
                0x00000000200035d8        0x4 Middlewares/Third_Party/FreeRTOS/Source/tasks.o
 .bss.xNextTaskUnblockTime
                0x00000000200035dc        0x4 Middlewares/Third_Party/FreeRTOS/Source/tasks.o
 .bss.xIdleTaskHandle
                0x00000000200035e0        0x4 Middlewares/Third_Party/FreeRTOS/Source/tasks.o
 .bss.uxSchedulerSuspended
                0x00000000200035e4        0x4 Middlewares/Third_Party/FreeRTOS/Source/tasks.o
 .bss.xActiveTimerList1
                0x00000000200035e8       0x14 Middlewares/Third_Party/FreeRTOS/Source/timers.o
 .bss.xActiveTimerList2
                0x00000000200035fc       0x14 Middlewares/Third_Party/FreeRTOS/Source/timers.o
 .bss.pxCurrentTimerList
                0x0000000020003610        0x4 Middlewares/Third_Party/FreeRTOS/Source/timers.o
 .bss.pxOverflowTimerList
                0x0000000020003614        0x4 Middlewares/Third_Party/FreeRTOS/Source/timers.o
 .bss.xTimerQueue
                0x0000000020003618        0x4 Middlewares/Third_Party/FreeRTOS/Source/timers.o
 .bss.xTimerTaskHandle
                0x000000002000361c        0x4 Middlewares/Third_Party/FreeRTOS/Source/timers.o
 .bss.xLastTime.6727
                0x0000000020003620        0x4 Middlewares/Third_Party/FreeRTOS/Source/timers.o
 .bss.ucStaticTimerQueueStorage.6778
                0x0000000020003624       0xa0 Middlewares/Third_Party/FreeRTOS/Source/timers.o
 .bss.xStaticTimerQueue.6777
                0x00000000200036c4       0x50 Middlewares/Third_Party/FreeRTOS/Source/timers.o
 .bss.ucMaxSysCallPriority
                0x0000000020003714        0x1 Middlewares/Third_Party/FreeRTOS/Source/portable/GCC/ARM_CM4F/port.o
 *fill*         0x0000000020003715        0x3 
 .bss.ulMaxPRIGROUPValue
                0x0000000020003718        0x4 Middlewares/Third_Party/FreeRTOS/Source/portable/GCC/ARM_CM4F/port.o
 .bss.ucHeap    0x000000002000371c    0x10000 Middlewares/Third_Party/FreeRTOS/Source/portable/MemMang/heap_4.o
 .bss.xStart    0x000000002001371c        0x8 Middlewares/Third_Party/FreeRTOS/Source/portable/MemMang/heap_4.o
 .bss.pxEnd     0x0000000020013724        0x4 Middlewares/Third_Party/FreeRTOS/Source/portable/MemMang/heap_4.o
 .bss.xFreeBytesRemaining
                0x0000000020013728        0x4 Middlewares/Third_Party/FreeRTOS/Source/portable/MemMang/heap_4.o
 .bss.xMinimumEverFreeBytesRemaining
                0x000000002001372c        0x4 Middlewares/Third_Party/FreeRTOS/Source/portable/MemMang/heap_4.o
 .bss.xBlockAllocatedBit
                0x0000000020013730        0x4 Middlewares/Third_Party/FreeRTOS/Source/portable/MemMang/heap_4.o
 .bss.GY30_DATA
                0x0000000020013734        0x2 Src/gy_30.o
 *fill*         0x0000000020013736        0x2 
 .bss.oled_cmd  0x0000000020013738        0x2 Src/oled.o
                0x0000000020013738                oled_cmd
 *(COMMON)
 *fill*         0x000000002001373a        0x2 
 COMMON         0x000000002001373c        0x4 Drivers/STM32F4xx_HAL_Driver/Src/stm32f4xx_hal.o
                0x000000002001373c                uwTick
 COMMON         0x0000000020013740       0x40 Middlewares/Third_Party/FreeRTOS/Source/queue.o
                0x0000000020013740                xQueueRegistry
 COMMON         0x0000000020013780      0x1ac Src/main.o
                0x0000000020013780                sht31TaskHandle
                0x0000000020013784                hi2c3
                0x00000000200137d8                greenTaskHandle
                0x00000000200137dc                oledTaskHandle
                0x00000000200137e0                hi2c1
                0x0000000020013834                hi2c2
                0x0000000020013888                GY30_Param
                0x0000000020013890                oledQueueHandle
                0x0000000020013894                Sht3x_Param
                0x00000000200138a4                htim11
                0x00000000200138e4                gy30TaskHandle
                0x00000000200138e8                myMutexHandle
                0x00000000200138ec                huart6
 COMMON         0x000000002001392c       0x2a Src/sht3x.o
                0x000000002001392c                Temperature
                0x0000000020013930                RawHumidity
                0x0000000020013934                raw_value
                0x000000002001393c                sht3x_param
                0x000000002001394c                RawTemperature
                0x0000000020013950                Humidity
                0x0000000020013954                cmd
 *fill*         0x0000000020013956        0x2 
 COMMON         0x0000000020013958       0x40 Src/stm32f4xx_hal_timebase_tim.o
                0x0000000020013958                htim10
                0x0000000020013998                . = ALIGN (0x4)
                0x0000000020013998                _ebss = .
                0x0000000020013998                __bss_end__ = _ebss

._user_heap_stack
                0x0000000020013998      0x600 load address 0x0000000008007fd8
                0x0000000020013998                . = ALIGN (0x8)
                0x0000000020013998                PROVIDE (end = .)
                [!provide]                        PROVIDE (_end = .)
                0x0000000020013b98                . = (. + _Min_Heap_Size)
 *fill*         0x0000000020013998      0x200 
                0x0000000020013f98                . = (. + _Min_Stack_Size)
 *fill*         0x0000000020013b98      0x400 
                0x0000000020013f98                . = ALIGN (0x8)

/DISCARD/
 libc.a(*)
 libm.a(*)
 libgcc.a(*)

.ARM.attributes
                0x0000000000000000       0x30
 *(.ARM.attributes)
 .ARM.attributes
                0x0000000000000000       0x22 d:/st/stm32cubeide_1.0.2/stm32cubeide/plugins/com.st.stm32cube.ide.mcu.externaltools.gnu-tools-for-stm32.7-2018-q2-update.win32_1.0.0.201904181610/tools/bin/../lib/gcc/arm-none-eabi/7.3.1/thumb/v7e-m/fpv4-sp/hard/crti.o
 .ARM.attributes
                0x0000000000000022       0x34 d:/st/stm32cubeide_1.0.2/stm32cubeide/plugins/com.st.stm32cube.ide.mcu.externaltools.gnu-tools-for-stm32.7-2018-q2-update.win32_1.0.0.201904181610/tools/bin/../lib/gcc/arm-none-eabi/7.3.1/thumb/v7e-m/fpv4-sp/hard/crtbegin.o
 .ARM.attributes
                0x0000000000000056       0x39 Drivers/STM32F4xx_HAL_Driver/Src/stm32f4xx_hal.o
 .ARM.attributes
                0x000000000000008f       0x39 Drivers/STM32F4xx_HAL_Driver/Src/stm32f4xx_hal_cortex.o
 .ARM.attributes
                0x00000000000000c8       0x39 Drivers/STM32F4xx_HAL_Driver/Src/stm32f4xx_hal_gpio.o
 .ARM.attributes
                0x0000000000000101       0x39 Drivers/STM32F4xx_HAL_Driver/Src/stm32f4xx_hal_i2c.o
 .ARM.attributes
                0x000000000000013a       0x39 Drivers/STM32F4xx_HAL_Driver/Src/stm32f4xx_hal_rcc.o
 .ARM.attributes
                0x0000000000000173       0x39 Drivers/STM32F4xx_HAL_Driver/Src/stm32f4xx_hal_tim.o
 .ARM.attributes
                0x00000000000001ac       0x39 Drivers/STM32F4xx_HAL_Driver/Src/stm32f4xx_hal_tim_ex.o
 .ARM.attributes
                0x00000000000001e5       0x39 Drivers/STM32F4xx_HAL_Driver/Src/stm32f4xx_hal_uart.o
 .ARM.attributes
                0x000000000000021e       0x39 Middlewares/Third_Party/FreeRTOS/Source/CMSIS_RTOS_V2/cmsis_os2.o
 .ARM.attributes
                0x0000000000000257       0x39 Middlewares/Third_Party/FreeRTOS/Source/list.o
 .ARM.attributes
                0x0000000000000290       0x39 Middlewares/Third_Party/FreeRTOS/Source/queue.o
 .ARM.attributes
                0x00000000000002c9       0x39 Middlewares/Third_Party/FreeRTOS/Source/tasks.o
 .ARM.attributes
                0x0000000000000302       0x39 Middlewares/Third_Party/FreeRTOS/Source/timers.o
 .ARM.attributes
                0x000000000000033b       0x39 Middlewares/Third_Party/FreeRTOS/Source/portable/GCC/ARM_CM4F/port.o
 .ARM.attributes
                0x0000000000000374       0x39 Middlewares/Third_Party/FreeRTOS/Source/portable/MemMang/heap_4.o
 .ARM.attributes
                0x00000000000003ad       0x39 Src/gy_30.o
 .ARM.attributes
                0x00000000000003e6       0x39 Src/main.o
 .ARM.attributes
                0x000000000000041f       0x39 Src/oled.o
 .ARM.attributes
                0x0000000000000458       0x39 Src/oled_display.o
 .ARM.attributes
                0x0000000000000491       0x39 Src/sht3x.o
 .ARM.attributes
                0x00000000000004ca       0x39 Src/stm32f4xx_hal_msp.o
 .ARM.attributes
                0x0000000000000503       0x39 Src/stm32f4xx_hal_timebase_tim.o
 .ARM.attributes
                0x000000000000053c       0x39 Src/stm32f4xx_it.o
 .ARM.attributes
                0x0000000000000575       0x39 Src/system_stm32f4xx.o
 .ARM.attributes
                0x00000000000005ae       0x39 Src/uart_display.o
 .ARM.attributes
                0x00000000000005e7       0x21 Startup/startup_stm32f411ceux.o
 .ARM.attributes
                0x0000000000000608       0x34 d:/st/stm32cubeide_1.0.2/stm32cubeide/plugins/com.st.stm32cube.ide.mcu.externaltools.gnu-tools-for-stm32.7-2018-q2-update.win32_1.0.0.201904181610/tools/bin/../lib/gcc/arm-none-eabi/7.3.1/../../../../arm-none-eabi/lib/thumb/v7e-m/fpv4-sp/hard\libc_nano.a(lib_a-init.o)
 .ARM.attributes
                0x000000000000063c       0x34 d:/st/stm32cubeide_1.0.2/stm32cubeide/plugins/com.st.stm32cube.ide.mcu.externaltools.gnu-tools-for-stm32.7-2018-q2-update.win32_1.0.0.201904181610/tools/bin/../lib/gcc/arm-none-eabi/7.3.1/../../../../arm-none-eabi/lib/thumb/v7e-m/fpv4-sp/hard\libc_nano.a(lib_a-memcpy-stub.o)
 .ARM.attributes
                0x0000000000000670       0x34 d:/st/stm32cubeide_1.0.2/stm32cubeide/plugins/com.st.stm32cube.ide.mcu.externaltools.gnu-tools-for-stm32.7-2018-q2-update.win32_1.0.0.201904181610/tools/bin/../lib/gcc/arm-none-eabi/7.3.1/../../../../arm-none-eabi/lib/thumb/v7e-m/fpv4-sp/hard\libc_nano.a(lib_a-memset.o)
 .ARM.attributes
                0x00000000000006a4       0x22 d:/st/stm32cubeide_1.0.2/stm32cubeide/plugins/com.st.stm32cube.ide.mcu.externaltools.gnu-tools-for-stm32.7-2018-q2-update.win32_1.0.0.201904181610/tools/bin/../lib/gcc/arm-none-eabi/7.3.1/thumb/v7e-m/fpv4-sp/hard\libgcc.a(_aeabi_uldivmod.o)
 .ARM.attributes
                0x00000000000006c6       0x34 d:/st/stm32cubeide_1.0.2/stm32cubeide/plugins/com.st.stm32cube.ide.mcu.externaltools.gnu-tools-for-stm32.7-2018-q2-update.win32_1.0.0.201904181610/tools/bin/../lib/gcc/arm-none-eabi/7.3.1/thumb/v7e-m/fpv4-sp/hard\libgcc.a(_udivmoddi4.o)
 .ARM.attributes
                0x00000000000006fa       0x22 d:/st/stm32cubeide_1.0.2/stm32cubeide/plugins/com.st.stm32cube.ide.mcu.externaltools.gnu-tools-for-stm32.7-2018-q2-update.win32_1.0.0.201904181610/tools/bin/../lib/gcc/arm-none-eabi/7.3.1/thumb/v7e-m/fpv4-sp/hard\libgcc.a(_dvmd_tls.o)
 .ARM.attributes
                0x000000000000071c       0x22 d:/st/stm32cubeide_1.0.2/stm32cubeide/plugins/com.st.stm32cube.ide.mcu.externaltools.gnu-tools-for-stm32.7-2018-q2-update.win32_1.0.0.201904181610/tools/bin/../lib/gcc/arm-none-eabi/7.3.1/thumb/v7e-m/fpv4-sp/hard/crtn.o
OUTPUT(STM32F411CEU6.elf elf32-littlearm)

.debug_info     0x0000000000000000    0x1c862
 .debug_info    0x0000000000000000      0x8b5 Drivers/STM32F4xx_HAL_Driver/Src/stm32f4xx_hal.o
 .debug_info    0x00000000000008b5      0xd46 Drivers/STM32F4xx_HAL_Driver/Src/stm32f4xx_hal_cortex.o
 .debug_info    0x00000000000015fb      0x78b Drivers/STM32F4xx_HAL_Driver/Src/stm32f4xx_hal_gpio.o
 .debug_info    0x0000000000001d86     0x2324 Drivers/STM32F4xx_HAL_Driver/Src/stm32f4xx_hal_i2c.o
 .debug_info    0x00000000000040aa      0x8ce Drivers/STM32F4xx_HAL_Driver/Src/stm32f4xx_hal_rcc.o
 .debug_info    0x0000000000004978     0x244e Drivers/STM32F4xx_HAL_Driver/Src/stm32f4xx_hal_tim.o
 .debug_info    0x0000000000006dc6     0x10fd Drivers/STM32F4xx_HAL_Driver/Src/stm32f4xx_hal_tim_ex.o
 .debug_info    0x0000000000007ec3     0x11cd Drivers/STM32F4xx_HAL_Driver/Src/stm32f4xx_hal_uart.o
 .debug_info    0x0000000000009090     0x4064 Middlewares/Third_Party/FreeRTOS/Source/CMSIS_RTOS_V2/cmsis_os2.o
 .debug_info    0x000000000000d0f4      0xac5 Middlewares/Third_Party/FreeRTOS/Source/list.o
 .debug_info    0x000000000000dbb9     0x22e8 Middlewares/Third_Party/FreeRTOS/Source/queue.o
 .debug_info    0x000000000000fea1     0x294f Middlewares/Third_Party/FreeRTOS/Source/tasks.o
 .debug_info    0x00000000000127f0     0x1a21 Middlewares/Third_Party/FreeRTOS/Source/timers.o
 .debug_info    0x0000000000014211      0x533 Middlewares/Third_Party/FreeRTOS/Source/portable/GCC/ARM_CM4F/port.o
 .debug_info    0x0000000000014744      0xbea Middlewares/Third_Party/FreeRTOS/Source/portable/MemMang/heap_4.o
 .debug_info    0x000000000001532e      0x7cf Src/gy_30.o
 .debug_info    0x0000000000015afd     0x1e6d Src/main.o
 .debug_info    0x000000000001796a      0xb95 Src/oled.o
 .debug_info    0x00000000000184ff      0x158 Src/oled_display.o
 .debug_info    0x0000000000018657     0x14ba Src/sht3x.o
 .debug_info    0x0000000000019b11     0x117e Src/stm32f4xx_hal_msp.o
 .debug_info    0x000000000001ac8f      0xa6d Src/stm32f4xx_hal_timebase_tim.o
 .debug_info    0x000000000001b6fc      0x665 Src/stm32f4xx_it.o
 .debug_info    0x000000000001bd61      0x52c Src/system_stm32f4xx.o
 .debug_info    0x000000000001c28d      0x5b3 Src/uart_display.o
 .debug_info    0x000000000001c840       0x22 Startup/startup_stm32f411ceux.o

.debug_abbrev   0x0000000000000000     0x376a
 .debug_abbrev  0x0000000000000000      0x1f6 Drivers/STM32F4xx_HAL_Driver/Src/stm32f4xx_hal.o
 .debug_abbrev  0x00000000000001f6      0x2fa Drivers/STM32F4xx_HAL_Driver/Src/stm32f4xx_hal_cortex.o
 .debug_abbrev  0x00000000000004f0      0x1c9 Drivers/STM32F4xx_HAL_Driver/Src/stm32f4xx_hal_gpio.o
 .debug_abbrev  0x00000000000006b9      0x263 Drivers/STM32F4xx_HAL_Driver/Src/stm32f4xx_hal_i2c.o
 .debug_abbrev  0x000000000000091c      0x245 Drivers/STM32F4xx_HAL_Driver/Src/stm32f4xx_hal_rcc.o
 .debug_abbrev  0x0000000000000b61      0x23f Drivers/STM32F4xx_HAL_Driver/Src/stm32f4xx_hal_tim.o
 .debug_abbrev  0x0000000000000da0      0x22d Drivers/STM32F4xx_HAL_Driver/Src/stm32f4xx_hal_tim_ex.o
 .debug_abbrev  0x0000000000000fcd      0x251 Drivers/STM32F4xx_HAL_Driver/Src/stm32f4xx_hal_uart.o
 .debug_abbrev  0x000000000000121e      0x3a9 Middlewares/Third_Party/FreeRTOS/Source/CMSIS_RTOS_V2/cmsis_os2.o
 .debug_abbrev  0x00000000000015c7      0x1cf Middlewares/Third_Party/FreeRTOS/Source/list.o
 .debug_abbrev  0x0000000000001796      0x354 Middlewares/Third_Party/FreeRTOS/Source/queue.o
 .debug_abbrev  0x0000000000001aea      0x350 Middlewares/Third_Party/FreeRTOS/Source/tasks.o
 .debug_abbrev  0x0000000000001e3a      0x2d7 Middlewares/Third_Party/FreeRTOS/Source/timers.o
 .debug_abbrev  0x0000000000002111      0x210 Middlewares/Third_Party/FreeRTOS/Source/portable/GCC/ARM_CM4F/port.o
 .debug_abbrev  0x0000000000002321      0x29e Middlewares/Third_Party/FreeRTOS/Source/portable/MemMang/heap_4.o
 .debug_abbrev  0x00000000000025bf      0x1cc Src/gy_30.o
 .debug_abbrev  0x000000000000278b      0x2da Src/main.o
 .debug_abbrev  0x0000000000002a65      0x1f5 Src/oled.o
 .debug_abbrev  0x0000000000002c5a       0xac Src/oled_display.o
 .debug_abbrev  0x0000000000002d06      0x2d4 Src/sht3x.o
 .debug_abbrev  0x0000000000002fda      0x1f8 Src/stm32f4xx_hal_msp.o
 .debug_abbrev  0x00000000000031d2      0x1ac Src/stm32f4xx_hal_timebase_tim.o
 .debug_abbrev  0x000000000000337e      0x169 Src/stm32f4xx_it.o
 .debug_abbrev  0x00000000000034e7      0x111 Src/system_stm32f4xx.o
 .debug_abbrev  0x00000000000035f8      0x160 Src/uart_display.o
 .debug_abbrev  0x0000000000003758       0x12 Startup/startup_stm32f411ceux.o

.debug_aranges  0x0000000000000000     0x16f0
 .debug_aranges
                0x0000000000000000       0xf0 Drivers/STM32F4xx_HAL_Driver/Src/stm32f4xx_hal.o
 .debug_aranges
                0x00000000000000f0      0x118 Drivers/STM32F4xx_HAL_Driver/Src/stm32f4xx_hal_cortex.o
 .debug_aranges
                0x0000000000000208       0x58 Drivers/STM32F4xx_HAL_Driver/Src/stm32f4xx_hal_gpio.o
 .debug_aranges
                0x0000000000000260      0x290 Drivers/STM32F4xx_HAL_Driver/Src/stm32f4xx_hal_i2c.o
 .debug_aranges
                0x00000000000004f0       0x88 Drivers/STM32F4xx_HAL_Driver/Src/stm32f4xx_hal_rcc.o
 .debug_aranges
                0x0000000000000578      0x3a8 Drivers/STM32F4xx_HAL_Driver/Src/stm32f4xx_hal_tim.o
 .debug_aranges
                0x0000000000000920      0x150 Drivers/STM32F4xx_HAL_Driver/Src/stm32f4xx_hal_tim_ex.o
 .debug_aranges
                0x0000000000000a70      0x1d0 Drivers/STM32F4xx_HAL_Driver/Src/stm32f4xx_hal_uart.o
 .debug_aranges
                0x0000000000000c40      0x228 Middlewares/Third_Party/FreeRTOS/Source/CMSIS_RTOS_V2/cmsis_os2.o
 .debug_aranges
                0x0000000000000e68       0x40 Middlewares/Third_Party/FreeRTOS/Source/list.o
 .debug_aranges
                0x0000000000000ea8      0x158 Middlewares/Third_Party/FreeRTOS/Source/queue.o
 .debug_aranges
                0x0000000000001000      0x1f8 Middlewares/Third_Party/FreeRTOS/Source/tasks.o
 .debug_aranges
                0x00000000000011f8       0xe0 Middlewares/Third_Party/FreeRTOS/Source/timers.o
 .debug_aranges
                0x00000000000012d8       0x80 Middlewares/Third_Party/FreeRTOS/Source/portable/GCC/ARM_CM4F/port.o
 .debug_aranges
                0x0000000000001358       0x50 Middlewares/Third_Party/FreeRTOS/Source/portable/MemMang/heap_4.o
 .debug_aranges
                0x00000000000013a8       0x40 Src/gy_30.o
 .debug_aranges
                0x00000000000013e8       0x90 Src/main.o
 .debug_aranges
                0x0000000000001478       0x98 Src/oled.o
 .debug_aranges
                0x0000000000001510       0x20 Src/oled_display.o
 .debug_aranges
                0x0000000000001530       0x78 Src/sht3x.o
 .debug_aranges
                0x00000000000015a8       0x58 Src/stm32f4xx_hal_msp.o
 .debug_aranges
                0x0000000000001600       0x30 Src/stm32f4xx_hal_timebase_tim.o
 .debug_aranges
                0x0000000000001630       0x50 Src/stm32f4xx_it.o
 .debug_aranges
                0x0000000000001680       0x28 Src/system_stm32f4xx.o
 .debug_aranges
                0x00000000000016a8       0x20 Src/uart_display.o
 .debug_aranges
                0x00000000000016c8       0x28 Startup/startup_stm32f411ceux.o

.debug_ranges   0x0000000000000000     0x1578
 .debug_ranges  0x0000000000000000       0xe0 Drivers/STM32F4xx_HAL_Driver/Src/stm32f4xx_hal.o
 .debug_ranges  0x00000000000000e0      0x108 Drivers/STM32F4xx_HAL_Driver/Src/stm32f4xx_hal_cortex.o
 .debug_ranges  0x00000000000001e8       0x48 Drivers/STM32F4xx_HAL_Driver/Src/stm32f4xx_hal_gpio.o
 .debug_ranges  0x0000000000000230      0x2a0 Drivers/STM32F4xx_HAL_Driver/Src/stm32f4xx_hal_i2c.o
 .debug_ranges  0x00000000000004d0       0x78 Drivers/STM32F4xx_HAL_Driver/Src/stm32f4xx_hal_rcc.o
 .debug_ranges  0x0000000000000548      0x398 Drivers/STM32F4xx_HAL_Driver/Src/stm32f4xx_hal_tim.o
 .debug_ranges  0x00000000000008e0      0x140 Drivers/STM32F4xx_HAL_Driver/Src/stm32f4xx_hal_tim_ex.o
 .debug_ranges  0x0000000000000a20      0x1c0 Drivers/STM32F4xx_HAL_Driver/Src/stm32f4xx_hal_uart.o
 .debug_ranges  0x0000000000000be0      0x218 Middlewares/Third_Party/FreeRTOS/Source/CMSIS_RTOS_V2/cmsis_os2.o
 .debug_ranges  0x0000000000000df8       0x30 Middlewares/Third_Party/FreeRTOS/Source/list.o
 .debug_ranges  0x0000000000000e28      0x148 Middlewares/Third_Party/FreeRTOS/Source/queue.o
 .debug_ranges  0x0000000000000f70      0x1e8 Middlewares/Third_Party/FreeRTOS/Source/tasks.o
 .debug_ranges  0x0000000000001158       0xd0 Middlewares/Third_Party/FreeRTOS/Source/timers.o
 .debug_ranges  0x0000000000001228       0x70 Middlewares/Third_Party/FreeRTOS/Source/portable/GCC/ARM_CM4F/port.o
 .debug_ranges  0x0000000000001298       0x40 Middlewares/Third_Party/FreeRTOS/Source/portable/MemMang/heap_4.o
 .debug_ranges  0x00000000000012d8       0x30 Src/gy_30.o
 .debug_ranges  0x0000000000001308       0x80 Src/main.o
 .debug_ranges  0x0000000000001388       0x88 Src/oled.o
 .debug_ranges  0x0000000000001410       0x10 Src/oled_display.o
 .debug_ranges  0x0000000000001420       0x68 Src/sht3x.o
 .debug_ranges  0x0000000000001488       0x48 Src/stm32f4xx_hal_msp.o
 .debug_ranges  0x00000000000014d0       0x20 Src/stm32f4xx_hal_timebase_tim.o
 .debug_ranges  0x00000000000014f0       0x40 Src/stm32f4xx_it.o
 .debug_ranges  0x0000000000001530       0x18 Src/system_stm32f4xx.o
 .debug_ranges  0x0000000000001548       0x10 Src/uart_display.o
 .debug_ranges  0x0000000000001558       0x20 Startup/startup_stm32f411ceux.o

.debug_macro    0x0000000000000000    0x19324
 .debug_macro   0x0000000000000000      0x247 Drivers/STM32F4xx_HAL_Driver/Src/stm32f4xx_hal.o
 .debug_macro   0x0000000000000247      0xa5a Drivers/STM32F4xx_HAL_Driver/Src/stm32f4xx_hal.o
 .debug_macro   0x0000000000000ca1      0x190 Drivers/STM32F4xx_HAL_Driver/Src/stm32f4xx_hal.o
 .debug_macro   0x0000000000000e31       0x32 Drivers/STM32F4xx_HAL_Driver/Src/stm32f4xx_hal.o
 .debug_macro   0x0000000000000e63       0x28 Drivers/STM32F4xx_HAL_Driver/Src/stm32f4xx_hal.o
 .debug_macro   0x0000000000000e8b       0x22 Drivers/STM32F4xx_HAL_Driver/Src/stm32f4xx_hal.o
 .debug_macro   0x0000000000000ead       0x8e Drivers/STM32F4xx_HAL_Driver/Src/stm32f4xx_hal.o
 .debug_macro   0x0000000000000f3b       0x51 Drivers/STM32F4xx_HAL_Driver/Src/stm32f4xx_hal.o
 .debug_macro   0x0000000000000f8c       0xef Drivers/STM32F4xx_HAL_Driver/Src/stm32f4xx_hal.o
 .debug_macro   0x000000000000107b       0x6a Drivers/STM32F4xx_HAL_Driver/Src/stm32f4xx_hal.o
 .debug_macro   0x00000000000010e5      0x1df Drivers/STM32F4xx_HAL_Driver/Src/stm32f4xx_hal.o
 .debug_macro   0x00000000000012c4       0x1c Drivers/STM32F4xx_HAL_Driver/Src/stm32f4xx_hal.o
 .debug_macro   0x00000000000012e0       0x22 Drivers/STM32F4xx_HAL_Driver/Src/stm32f4xx_hal.o
 .debug_macro   0x0000000000001302       0xdf Drivers/STM32F4xx_HAL_Driver/Src/stm32f4xx_hal.o
 .debug_macro   0x00000000000013e1     0x102d Drivers/STM32F4xx_HAL_Driver/Src/stm32f4xx_hal.o
 .debug_macro   0x000000000000240e      0x11f Drivers/STM32F4xx_HAL_Driver/Src/stm32f4xx_hal.o
 .debug_macro   0x000000000000252d     0xb93e Drivers/STM32F4xx_HAL_Driver/Src/stm32f4xx_hal.o
 .debug_macro   0x000000000000de6b       0x43 Drivers/STM32F4xx_HAL_Driver/Src/stm32f4xx_hal.o
 .debug_macro   0x000000000000deae     0x35d4 Drivers/STM32F4xx_HAL_Driver/Src/stm32f4xx_hal.o
 .debug_macro   0x0000000000011482      0x174 Drivers/STM32F4xx_HAL_Driver/Src/stm32f4xx_hal.o
 .debug_macro   0x00000000000115f6       0x5a Drivers/STM32F4xx_HAL_Driver/Src/stm32f4xx_hal.o
 .debug_macro   0x0000000000011650      0x447 Drivers/STM32F4xx_HAL_Driver/Src/stm32f4xx_hal.o
 .debug_macro   0x0000000000011a97      0x9fe Drivers/STM32F4xx_HAL_Driver/Src/stm32f4xx_hal.o
 .debug_macro   0x0000000000012495       0xed Drivers/STM32F4xx_HAL_Driver/Src/stm32f4xx_hal.o
 .debug_macro   0x0000000000012582      0x117 Drivers/STM32F4xx_HAL_Driver/Src/stm32f4xx_hal.o
 .debug_macro   0x0000000000012699      0x11b Drivers/STM32F4xx_HAL_Driver/Src/stm32f4xx_hal.o
 .debug_macro   0x00000000000127b4       0x27 Drivers/STM32F4xx_HAL_Driver/Src/stm32f4xx_hal.o
 .debug_macro   0x00000000000127db      0x287 Drivers/STM32F4xx_HAL_Driver/Src/stm32f4xx_hal.o
 .debug_macro   0x0000000000012a62       0x5f Drivers/STM32F4xx_HAL_Driver/Src/stm32f4xx_hal.o
 .debug_macro   0x0000000000012ac1      0x236 Drivers/STM32F4xx_HAL_Driver/Src/stm32f4xx_hal.o
 .debug_macro   0x0000000000012cf7      0x132 Drivers/STM32F4xx_HAL_Driver/Src/stm32f4xx_hal.o
 .debug_macro   0x0000000000012e29      0x264 Drivers/STM32F4xx_HAL_Driver/Src/stm32f4xx_hal.o
 .debug_macro   0x000000000001308d       0x2e Drivers/STM32F4xx_HAL_Driver/Src/stm32f4xx_hal.o
 .debug_macro   0x00000000000130bb      0x1ae Drivers/STM32F4xx_HAL_Driver/Src/stm32f4xx_hal.o
 .debug_macro   0x0000000000013269       0x22 Drivers/STM32F4xx_HAL_Driver/Src/stm32f4xx_hal.o
 .debug_macro   0x000000000001328b       0xd6 Drivers/STM32F4xx_HAL_Driver/Src/stm32f4xx_hal.o
 .debug_macro   0x0000000000013361      0x11a Drivers/STM32F4xx_HAL_Driver/Src/stm32f4xx_hal.o
 .debug_macro   0x000000000001347b       0x85 Drivers/STM32F4xx_HAL_Driver/Src/stm32f4xx_hal.o
 .debug_macro   0x0000000000013500       0x89 Drivers/STM32F4xx_HAL_Driver/Src/stm32f4xx_hal.o
 .debug_macro   0x0000000000013589      0x87d Drivers/STM32F4xx_HAL_Driver/Src/stm32f4xx_hal.o
 .debug_macro   0x0000000000013e06       0x47 Drivers/STM32F4xx_HAL_Driver/Src/stm32f4xx_hal.o
 .debug_macro   0x0000000000013e4d      0x287 Drivers/STM32F4xx_HAL_Driver/Src/stm32f4xx_hal.o
 .debug_macro   0x00000000000140d4      0x126 Drivers/STM32F4xx_HAL_Driver/Src/stm32f4xx_hal.o
 .debug_macro   0x00000000000141fa      0x1e7 Drivers/STM32F4xx_HAL_Driver/Src/stm32f4xx_hal_cortex.o
 .debug_macro   0x00000000000143e1      0x21d Drivers/STM32F4xx_HAL_Driver/Src/stm32f4xx_hal_gpio.o
 .debug_macro   0x00000000000145fe      0x227 Drivers/STM32F4xx_HAL_Driver/Src/stm32f4xx_hal_i2c.o
 .debug_macro   0x0000000000014825      0x20b Drivers/STM32F4xx_HAL_Driver/Src/stm32f4xx_hal_rcc.o
 .debug_macro   0x0000000000014a30      0x1e8 Drivers/STM32F4xx_HAL_Driver/Src/stm32f4xx_hal_tim.o
 .debug_macro   0x0000000000014c18      0x1e7 Drivers/STM32F4xx_HAL_Driver/Src/stm32f4xx_hal_tim_ex.o
 .debug_macro   0x0000000000014dff      0x1e8 Drivers/STM32F4xx_HAL_Driver/Src/stm32f4xx_hal_uart.o
 .debug_macro   0x0000000000014fe7      0x23a Middlewares/Third_Party/FreeRTOS/Source/CMSIS_RTOS_V2/cmsis_os2.o
 .debug_macro   0x0000000000015221       0x40 Middlewares/Third_Party/FreeRTOS/Source/CMSIS_RTOS_V2/cmsis_os2.o
 .debug_macro   0x0000000000015261       0x18 Middlewares/Third_Party/FreeRTOS/Source/CMSIS_RTOS_V2/cmsis_os2.o
 .debug_macro   0x0000000000015279       0x94 Middlewares/Third_Party/FreeRTOS/Source/CMSIS_RTOS_V2/cmsis_os2.o
 .debug_macro   0x000000000001530d       0x3c Middlewares/Third_Party/FreeRTOS/Source/CMSIS_RTOS_V2/cmsis_os2.o
 .debug_macro   0x0000000000015349       0x34 Middlewares/Third_Party/FreeRTOS/Source/CMSIS_RTOS_V2/cmsis_os2.o
 .debug_macro   0x000000000001537d       0x57 Middlewares/Third_Party/FreeRTOS/Source/CMSIS_RTOS_V2/cmsis_os2.o
 .debug_macro   0x00000000000153d4       0x52 Middlewares/Third_Party/FreeRTOS/Source/CMSIS_RTOS_V2/cmsis_os2.o
 .debug_macro   0x0000000000015426       0x1f Middlewares/Third_Party/FreeRTOS/Source/CMSIS_RTOS_V2/cmsis_os2.o
 .debug_macro   0x0000000000015445       0x43 Middlewares/Third_Party/FreeRTOS/Source/CMSIS_RTOS_V2/cmsis_os2.o
 .debug_macro   0x0000000000015488       0x20 Middlewares/Third_Party/FreeRTOS/Source/CMSIS_RTOS_V2/cmsis_os2.o
 .debug_macro   0x00000000000154a8      0x1a3 Middlewares/Third_Party/FreeRTOS/Source/CMSIS_RTOS_V2/cmsis_os2.o
 .debug_macro   0x000000000001564b      0x330 Middlewares/Third_Party/FreeRTOS/Source/CMSIS_RTOS_V2/cmsis_os2.o
 .debug_macro   0x000000000001597b       0x10 Middlewares/Third_Party/FreeRTOS/Source/CMSIS_RTOS_V2/cmsis_os2.o
 .debug_macro   0x000000000001598b       0x35 Middlewares/Third_Party/FreeRTOS/Source/CMSIS_RTOS_V2/cmsis_os2.o
 .debug_macro   0x00000000000159c0       0x20 Middlewares/Third_Party/FreeRTOS/Source/CMSIS_RTOS_V2/cmsis_os2.o
 .debug_macro   0x00000000000159e0       0x10 Middlewares/Third_Party/FreeRTOS/Source/CMSIS_RTOS_V2/cmsis_os2.o
 .debug_macro   0x00000000000159f0       0x74 Middlewares/Third_Party/FreeRTOS/Source/CMSIS_RTOS_V2/cmsis_os2.o
 .debug_macro   0x0000000000015a64       0xd3 Middlewares/Third_Party/FreeRTOS/Source/CMSIS_RTOS_V2/cmsis_os2.o
 .debug_macro   0x0000000000015b37      0x122 Middlewares/Third_Party/FreeRTOS/Source/CMSIS_RTOS_V2/cmsis_os2.o
 .debug_macro   0x0000000000015c59      0x15a Middlewares/Third_Party/FreeRTOS/Source/CMSIS_RTOS_V2/cmsis_os2.o
 .debug_macro   0x0000000000015db3       0xc2 Middlewares/Third_Party/FreeRTOS/Source/CMSIS_RTOS_V2/cmsis_os2.o
 .debug_macro   0x0000000000015e75       0x10 Middlewares/Third_Party/FreeRTOS/Source/CMSIS_RTOS_V2/cmsis_os2.o
 .debug_macro   0x0000000000015e85       0x1f Middlewares/Third_Party/FreeRTOS/Source/CMSIS_RTOS_V2/cmsis_os2.o
 .debug_macro   0x0000000000015ea4      0x47f Middlewares/Third_Party/FreeRTOS/Source/CMSIS_RTOS_V2/cmsis_os2.o
 .debug_macro   0x0000000000016323       0xb5 Middlewares/Third_Party/FreeRTOS/Source/CMSIS_RTOS_V2/cmsis_os2.o
 .debug_macro   0x00000000000163d8       0x8c Middlewares/Third_Party/FreeRTOS/Source/CMSIS_RTOS_V2/cmsis_os2.o
 .debug_macro   0x0000000000016464       0x91 Middlewares/Third_Party/FreeRTOS/Source/CMSIS_RTOS_V2/cmsis_os2.o
 .debug_macro   0x00000000000164f5       0x8d Middlewares/Third_Party/FreeRTOS/Source/CMSIS_RTOS_V2/cmsis_os2.o
 .debug_macro   0x0000000000016582       0x9a Middlewares/Third_Party/FreeRTOS/Source/CMSIS_RTOS_V2/cmsis_os2.o
 .debug_macro   0x000000000001661c      0x17a Middlewares/Third_Party/FreeRTOS/Source/list.o
 .debug_macro   0x0000000000016796      0x205 Middlewares/Third_Party/FreeRTOS/Source/queue.o
 .debug_macro   0x000000000001699b       0x16 Middlewares/Third_Party/FreeRTOS/Source/queue.o
 .debug_macro   0x00000000000169b1      0x27a Middlewares/Third_Party/FreeRTOS/Source/tasks.o
 .debug_macro   0x0000000000016c2b       0x10 Middlewares/Third_Party/FreeRTOS/Source/tasks.o
 .debug_macro   0x0000000000016c3b      0x1bd Middlewares/Third_Party/FreeRTOS/Source/timers.o
 .debug_macro   0x0000000000016df8      0x196 Middlewares/Third_Party/FreeRTOS/Source/portable/GCC/ARM_CM4F/port.o
 .debug_macro   0x0000000000016f8e      0x1a1 Middlewares/Third_Party/FreeRTOS/Source/portable/MemMang/heap_4.o
 .debug_macro   0x000000000001712f      0x20f Src/gy_30.o
 .debug_macro   0x000000000001733e       0x22 Src/gy_30.o
 .debug_macro   0x0000000000017360       0x40 Src/gy_30.o
 .debug_macro   0x00000000000173a0      0x409 Src/main.o
 .debug_macro   0x00000000000177a9       0x5f Src/main.o
 .debug_macro   0x0000000000017808      0x122 Src/main.o
 .debug_macro   0x000000000001792a       0xdd Src/main.o
 .debug_macro   0x0000000000017a07       0x16 Src/main.o
 .debug_macro   0x0000000000017a1d      0x32a Src/main.o
 .debug_macro   0x0000000000017d47       0x10 Src/main.o
 .debug_macro   0x0000000000017d57       0x10 Src/main.o
 .debug_macro   0x0000000000017d67       0x1c Src/main.o
 .debug_macro   0x0000000000017d83       0x52 Src/main.o
 .debug_macro   0x0000000000017dd5       0x40 Src/main.o
 .debug_macro   0x0000000000017e15       0x10 Src/main.o
 .debug_macro   0x0000000000017e25       0x40 Src/main.o
 .debug_macro   0x0000000000017e65       0xd7 Src/main.o
 .debug_macro   0x0000000000017f3c       0x1c Src/main.o
 .debug_macro   0x0000000000017f58       0x3d Src/main.o
 .debug_macro   0x0000000000017f95       0x16 Src/main.o
 .debug_macro   0x0000000000017fab      0x145 Src/main.o
 .debug_macro   0x00000000000180f0       0x46 Src/main.o
 .debug_macro   0x0000000000018136      0x219 Src/oled.o
 .debug_macro   0x000000000001834f       0x22 Src/oled.o
 .debug_macro   0x0000000000018371      0x200 Src/oled_display.o
 .debug_macro   0x0000000000018571      0x390 Src/sht3x.o
 .debug_macro   0x0000000000018901      0x1f6 Src/stm32f4xx_hal_msp.o
 .debug_macro   0x0000000000018af7      0x1e7 Src/stm32f4xx_hal_timebase_tim.o
 .debug_macro   0x0000000000018cde      0x268 Src/stm32f4xx_it.o
 .debug_macro   0x0000000000018f46      0x1ed Src/system_stm32f4xx.o
 .debug_macro   0x0000000000019133      0x1f1 Src/uart_display.o

.debug_line     0x0000000000000000    0x12977
 .debug_line    0x0000000000000000      0x8ef Drivers/STM32F4xx_HAL_Driver/Src/stm32f4xx_hal.o
 .debug_line    0x00000000000008ef      0xa16 Drivers/STM32F4xx_HAL_Driver/Src/stm32f4xx_hal_cortex.o
 .debug_line    0x0000000000001305      0x895 Drivers/STM32F4xx_HAL_Driver/Src/stm32f4xx_hal_gpio.o
 .debug_line    0x0000000000001b9a     0x1ad2 Drivers/STM32F4xx_HAL_Driver/Src/stm32f4xx_hal_i2c.o
 .debug_line    0x000000000000366c      0x936 Drivers/STM32F4xx_HAL_Driver/Src/stm32f4xx_hal_rcc.o
 .debug_line    0x0000000000003fa2     0x1797 Drivers/STM32F4xx_HAL_Driver/Src/stm32f4xx_hal_tim.o
 .debug_line    0x0000000000005739      0xcf6 Drivers/STM32F4xx_HAL_Driver/Src/stm32f4xx_hal_tim_ex.o
 .debug_line    0x000000000000642f      0xfe9 Drivers/STM32F4xx_HAL_Driver/Src/stm32f4xx_hal_uart.o
 .debug_line    0x0000000000007418     0x1e28 Middlewares/Third_Party/FreeRTOS/Source/CMSIS_RTOS_V2/cmsis_os2.o
 .debug_line    0x0000000000009240      0x667 Middlewares/Third_Party/FreeRTOS/Source/list.o
 .debug_line    0x00000000000098a7     0x10f2 Middlewares/Third_Party/FreeRTOS/Source/queue.o
 .debug_line    0x000000000000a999     0x143e Middlewares/Third_Party/FreeRTOS/Source/tasks.o
 .debug_line    0x000000000000bdd7      0xa1e Middlewares/Third_Party/FreeRTOS/Source/timers.o
 .debug_line    0x000000000000c7f5      0x69e Middlewares/Third_Party/FreeRTOS/Source/portable/GCC/ARM_CM4F/port.o
 .debug_line    0x000000000000ce93      0x74d Middlewares/Third_Party/FreeRTOS/Source/portable/MemMang/heap_4.o
 .debug_line    0x000000000000d5e0      0x771 Src/gy_30.o
 .debug_line    0x000000000000dd51      0xc1e Src/main.o
 .debug_line    0x000000000000e96f      0x933 Src/oled.o
 .debug_line    0x000000000000f2a2      0x6fa Src/oled_display.o
 .debug_line    0x000000000000f99c      0xa20 Src/sht3x.o
 .debug_line    0x00000000000103bc      0x7c0 Src/stm32f4xx_hal_msp.o
 .debug_line    0x0000000000010b7c      0x71c Src/stm32f4xx_hal_timebase_tim.o
 .debug_line    0x0000000000011298      0x86d Src/stm32f4xx_it.o
 .debug_line    0x0000000000011b05      0x709 Src/system_stm32f4xx.o
 .debug_line    0x000000000001220e      0x6e8 Src/uart_display.o
 .debug_line    0x00000000000128f6       0x81 Startup/startup_stm32f411ceux.o

.debug_str      0x0000000000000000    0x987cc
 .debug_str     0x0000000000000000    0x868dc Drivers/STM32F4xx_HAL_Driver/Src/stm32f4xx_hal.o
                                      0x86c56 (size before relaxing)
 .debug_str     0x00000000000868dc      0x3e6 Drivers/STM32F4xx_HAL_Driver/Src/stm32f4xx_hal_cortex.o
                                      0x869bf (size before relaxing)
 .debug_str     0x0000000000086cc2      0x28c Drivers/STM32F4xx_HAL_Driver/Src/stm32f4xx_hal_gpio.o
                                      0x864ac (size before relaxing)
 .debug_str     0x0000000000086f4e      0xeee Drivers/STM32F4xx_HAL_Driver/Src/stm32f4xx_hal_i2c.o
                                      0x87181 (size before relaxing)
 .debug_str     0x0000000000087e3c      0x379 Drivers/STM32F4xx_HAL_Driver/Src/stm32f4xx_hal_rcc.o
                                      0x8664f (size before relaxing)
 .debug_str     0x00000000000881b5      0xf10 Drivers/STM32F4xx_HAL_Driver/Src/stm32f4xx_hal_tim.o
                                      0x87367 (size before relaxing)
 .debug_str     0x00000000000890c5      0x4ec Drivers/STM32F4xx_HAL_Driver/Src/stm32f4xx_hal_tim_ex.o
                                      0x86b67 (size before relaxing)
 .debug_str     0x00000000000895b1      0x6bb Drivers/STM32F4xx_HAL_Driver/Src/stm32f4xx_hal_uart.o
                                      0x86a8e (size before relaxing)
 .debug_str     0x0000000000089c6c     0x9624 Middlewares/Third_Party/FreeRTOS/Source/CMSIS_RTOS_V2/cmsis_os2.o
                                       0xdf8b (size before relaxing)
 .debug_str     0x0000000000093290      0x225 Middlewares/Third_Party/FreeRTOS/Source/list.o
                                       0xa3ec (size before relaxing)
 .debug_str     0x00000000000934b5      0x8fd Middlewares/Third_Party/FreeRTOS/Source/queue.o
                                       0xbc12 (size before relaxing)
 .debug_str     0x0000000000093db2     0x12f3 Middlewares/Third_Party/FreeRTOS/Source/tasks.o
                                       0xc828 (size before relaxing)
 .debug_str     0x00000000000950a5      0x586 Middlewares/Third_Party/FreeRTOS/Source/timers.o
                                       0xc134 (size before relaxing)
 .debug_str     0x000000000009562b      0x803 Middlewares/Third_Party/FreeRTOS/Source/portable/GCC/ARM_CM4F/port.o
                                       0x80e5 (size before relaxing)
 .debug_str     0x0000000000095e2e      0x251 Middlewares/Third_Party/FreeRTOS/Source/portable/MemMang/heap_4.o
                                       0xab0f (size before relaxing)
 .debug_str     0x000000000009607f      0x1af Src/gy_30.o
                                      0x86758 (size before relaxing)
 .debug_str     0x000000000009622e     0x1dee Src/main.o
                                      0x8eccd (size before relaxing)
 .debug_str     0x000000000009801c      0x146 Src/oled.o
                                      0x86862 (size before relaxing)
 .debug_str     0x0000000000098162       0x4a Src/oled_display.o
                                      0x86169 (size before relaxing)
 .debug_str     0x00000000000981ac      0x43b Src/sht3x.o
                                      0x8ac7e (size before relaxing)
 .debug_str     0x00000000000985e7       0x39 Src/stm32f4xx_hal_msp.o
                                      0x86f3d (size before relaxing)
 .debug_str     0x0000000000098620       0x51 Src/stm32f4xx_hal_timebase_tim.o
                                      0x86a87 (size before relaxing)
 .debug_str     0x0000000000098671       0xa6 Src/stm32f4xx_it.o
                                      0x89ebe (size before relaxing)
 .debug_str     0x0000000000098717       0x5a Src/system_stm32f4xx.o
                                      0x86268 (size before relaxing)
 .debug_str     0x0000000000098771       0x2a Src/uart_display.o