oled.c:35:6:Write_IIC_Command	24	static
oled.c:46:6:Write_IIC_Data	24	static
oled.c:58:6:OLED_WR_Byte	16	static
oled.c:67:6:OLED_Set_Pos	16	static
oled.c:75:6:OLED_Display_On	8	static
oled.c:83:6:OLED_Display_Off	8	static
oled.c:91:6:OLED_Clear	16	static
oled.c:105:6:OLED_On	16	static
oled.c:123:6:OLED_ShowChar	24	static
oled.c:144:14:oled_pow	24	static
oled.c:158:6:OLED_ShowNum	24	static
oled.c:179:6:OLED_ShowString	24	static
oled.c:196:6:OLED_ShowString_N	32	static
oled.c:213:6:OLED_ShowCHinese	24	static
oled.c:231:6:OLED_DrawBMP	32	static
oled.c:251:6:OLED_Init	8	static
